TimeQuest Timing Analyzer report for alu
Wed Oct 16 14:24:06 2019
Quartus II 64-Bit Version 13.0.0 Build 156 04/24/2013 SJ Web Edition


---------------------
; Table of Contents ;
---------------------
  1. Legal Notice
  2. TimeQuest Timing Analyzer Summary
  3. Parallel Compilation
  4. Clocks
  5. Slow Model Fmax Summary
  6. Slow Model Setup Summary
  7. Slow Model Hold Summary
  8. Slow Model Recovery Summary
  9. Slow Model Removal Summary
 10. Slow Model Minimum Pulse Width Summary
 11. Propagation Delay
 12. Minimum Propagation Delay
 13. Fast Model Setup Summary
 14. Fast Model Hold Summary
 15. Fast Model Recovery Summary
 16. Fast Model Removal Summary
 17. Fast Model Minimum Pulse Width Summary
 18. Propagation Delay
 19. Minimum Propagation Delay
 20. Multicorner Timing Analysis Summary
 21. Progagation Delay
 22. Minimum Progagation Delay
 23. Clock Transfers
 24. Report TCCS
 25. Report RSKM
 26. Unconstrained Paths
 27. TimeQuest Timing Analyzer Messages



----------------
; Legal Notice ;
----------------
Copyright (C) 1991-2013 Altera Corporation
Your use of Altera Corporation's design tools, logic functions 
and other software and tools, and its AMPP partner logic 
functions, and any output files from any of the foregoing 
(including device programming or simulation files), and any 
associated documentation or information are expressly subject 
to the terms and conditions of the Altera Program License 
Subscription Agreement, Altera MegaCore Function License 
Agreement, or other applicable license agreement, including, 
without limitation, that your use is for the sole purpose of 
programming logic devices manufactured by Altera and sold by 
Altera or its authorized distributors.  Please refer to the 
applicable agreement for further details.



+-------------------------------------------------------------------------+
; TimeQuest Timing Analyzer Summary                                       ;
+--------------------+----------------------------------------------------+
; Quartus II Version ; Version 13.0.0 Build 156 04/24/2013 SJ Web Edition ;
; Revision Name      ; alu                                                ;
; Device Family      ; Cyclone II                                         ;
; Device Name        ; EP2C35F672C6                                       ;
; Timing Models      ; Final                                              ;
; Delay Model        ; Combined                                           ;
; Rise/Fall Delays   ; Unavailable                                        ;
+--------------------+----------------------------------------------------+


Parallel compilation was disabled, but you have multiple processors available. Enable parallel compilation to reduce compilation time.
+-------------------------------------+
; Parallel Compilation                ;
+----------------------------+--------+
; Processors                 ; Number ;
+----------------------------+--------+
; Number detected on machine ; 4      ;
; Maximum allowed            ; 1      ;
+----------------------------+--------+


----------
; Clocks ;
----------
No clocks to report.


---------------------------
; Slow Model Fmax Summary ;
---------------------------
No paths to report.


----------------------------
; Slow Model Setup Summary ;
----------------------------
No paths to report.


---------------------------
; Slow Model Hold Summary ;
---------------------------
No paths to report.


-------------------------------
; Slow Model Recovery Summary ;
-------------------------------
No paths to report.


------------------------------
; Slow Model Removal Summary ;
------------------------------
No paths to report.


------------------------------------------
; Slow Model Minimum Pulse Width Summary ;
------------------------------------------
No paths to report.


+--------------------------------------------------------------+
; Propagation Delay                                            ;
+------------+-------------+--------+--------+--------+--------+
; Input Port ; Output Port ; RR     ; RF     ; FR     ; FF     ;
+------------+-------------+--------+--------+--------+--------+
; a[0]       ; result[0]   ; 12.515 ; 11.971 ; 11.971 ; 12.515 ;
; a[0]       ; result[1]   ; 12.841 ; 12.419 ; 12.419 ; 12.841 ;
; a[0]       ; result[2]   ; 12.543 ; 12.460 ; 12.460 ; 12.543 ;
; a[0]       ; result[3]   ; 14.618 ; 13.036 ; 13.036 ; 14.618 ;
; a[0]       ; result[4]   ; 13.447 ; 13.447 ; 13.447 ; 13.447 ;
; a[0]       ; result[5]   ; 14.355 ; 12.531 ; 12.531 ; 14.355 ;
; a[0]       ; result[6]   ; 14.279 ; 12.370 ; 12.370 ; 14.279 ;
; a[0]       ; result[7]   ; 13.786 ; 13.259 ; 13.259 ; 13.786 ;
; a[1]       ; result[0]   ; 12.391 ;        ;        ; 12.391 ;
; a[1]       ; result[1]   ; 14.263 ; 12.367 ; 12.367 ; 14.263 ;
; a[1]       ; result[2]   ; 12.725 ; 12.725 ; 12.725 ; 12.725 ;
; a[1]       ; result[3]   ; 14.598 ; 13.301 ; 13.301 ; 14.598 ;
; a[1]       ; result[4]   ; 13.936 ; 13.936 ; 13.936 ; 13.936 ;
; a[1]       ; result[5]   ; 14.335 ; 12.796 ; 12.796 ; 14.335 ;
; a[1]       ; result[6]   ; 14.178 ; 12.635 ; 12.635 ; 14.178 ;
; a[1]       ; result[7]   ; 13.766 ; 13.524 ; 13.524 ; 13.766 ;
; a[2]       ; result[0]   ; 12.064 ;        ;        ; 12.064 ;
; a[2]       ; result[1]   ; 14.564 ;        ;        ; 14.564 ;
; a[2]       ; result[2]   ; 12.817 ; 12.200 ; 12.200 ; 12.817 ;
; a[2]       ; result[3]   ; 13.713 ; 13.092 ; 13.092 ; 13.713 ;
; a[2]       ; result[4]   ; 13.503 ; 13.503 ; 13.503 ; 13.503 ;
; a[2]       ; result[5]   ; 14.250 ; 12.587 ; 12.587 ; 14.250 ;
; a[2]       ; result[6]   ; 14.381 ; 12.426 ; 12.426 ; 14.381 ;
; a[2]       ; result[7]   ; 13.315 ; 13.315 ; 13.315 ; 13.315 ;
; a[3]       ; result[0]   ; 11.882 ;        ;        ; 11.882 ;
; a[3]       ; result[1]   ; 13.759 ;        ;        ; 13.759 ;
; a[3]       ; result[2]   ; 12.659 ;        ;        ; 12.659 ;
; a[3]       ; result[3]   ; 13.969 ; 12.222 ; 12.222 ; 13.969 ;
; a[3]       ; result[4]   ; 13.429 ; 13.429 ; 13.429 ; 13.429 ;
; a[3]       ; result[5]   ; 14.226 ; 12.029 ; 12.029 ; 14.226 ;
; a[3]       ; result[6]   ; 12.843 ; 11.868 ; 11.868 ; 12.843 ;
; a[3]       ; result[7]   ; 12.857 ; 12.757 ; 12.757 ; 12.857 ;
; a[4]       ; result[0]   ; 12.552 ;        ;        ; 12.552 ;
; a[4]       ; result[1]   ; 14.579 ;        ;        ; 14.579 ;
; a[4]       ; result[2]   ; 12.832 ;        ;        ; 12.832 ;
; a[4]       ; result[3]   ; 13.814 ;        ;        ; 13.814 ;
; a[4]       ; result[4]   ; 13.416 ; 12.983 ; 12.983 ; 13.416 ;
; a[4]       ; result[5]   ; 14.077 ; 12.003 ; 12.003 ; 14.077 ;
; a[4]       ; result[6]   ; 13.279 ; 11.842 ; 11.842 ; 13.279 ;
; a[4]       ; result[7]   ; 12.731 ; 12.731 ; 12.731 ; 12.731 ;
; a[5]       ; result[0]   ; 13.060 ;        ;        ; 13.060 ;
; a[5]       ; result[1]   ; 13.109 ;        ;        ; 13.109 ;
; a[5]       ; result[2]   ; 13.207 ;        ;        ; 13.207 ;
; a[5]       ; result[3]   ; 14.517 ;        ;        ; 14.517 ;
; a[5]       ; result[4]   ; 13.924 ;        ;        ; 13.924 ;
; a[5]       ; result[5]   ; 14.596 ; 12.080 ; 12.080 ; 14.596 ;
; a[5]       ; result[6]   ; 13.393 ; 12.234 ; 12.234 ; 13.393 ;
; a[5]       ; result[7]   ; 13.144 ; 13.123 ; 13.123 ; 13.144 ;
; a[6]       ; result[0]   ; 13.465 ;        ;        ; 13.465 ;
; a[6]       ; result[1]   ; 12.774 ;        ;        ; 12.774 ;
; a[6]       ; result[2]   ; 13.307 ;        ;        ; 13.307 ;
; a[6]       ; result[3]   ; 13.906 ;        ;        ; 13.906 ;
; a[6]       ; result[4]   ; 14.329 ;        ;        ; 14.329 ;
; a[6]       ; result[5]   ; 13.074 ;        ;        ; 13.074 ;
; a[6]       ; result[6]   ; 14.022 ; 11.888 ; 11.888 ; 14.022 ;
; a[6]       ; result[7]   ; 12.787 ; 12.787 ; 12.787 ; 12.787 ;
; a[7]       ; result[0]   ; 13.515 ;        ;        ; 13.515 ;
; a[7]       ; result[1]   ; 12.902 ;        ;        ; 12.902 ;
; a[7]       ; result[2]   ; 13.357 ;        ;        ; 13.357 ;
; a[7]       ; result[3]   ; 12.863 ;        ;        ; 12.863 ;
; a[7]       ; result[4]   ; 14.379 ;        ;        ; 14.379 ;
; a[7]       ; result[5]   ; 12.796 ;        ;        ; 12.796 ;
; a[7]       ; result[6]   ; 14.072 ;        ;        ; 14.072 ;
; a[7]       ; result[7]   ; 13.022 ; 13.022 ; 13.022 ; 13.022 ;
; b[0]       ; result[0]   ; 13.404 ; 13.404 ; 13.404 ; 13.404 ;
; b[0]       ; result[1]   ; 13.709 ; 14.333 ; 14.333 ; 13.709 ;
; b[0]       ; result[2]   ; 13.246 ; 13.246 ; 13.246 ; 13.246 ;
; b[0]       ; result[3]   ; 14.429 ; 14.429 ; 14.429 ; 14.429 ;
; b[0]       ; result[4]   ; 14.268 ; 14.268 ; 14.268 ; 14.268 ;
; b[0]       ; result[5]   ; 14.493 ; 14.493 ; 14.493 ; 14.493 ;
; b[0]       ; result[6]   ; 14.281 ; 14.645 ; 14.645 ; 14.281 ;
; b[0]       ; result[7]   ; 14.027 ; 14.027 ; 14.027 ; 14.027 ;
; b[1]       ; result[0]   ; 12.662 ; 13.040 ; 13.040 ; 12.662 ;
; b[1]       ; result[1]   ; 14.562 ; 14.562 ; 14.562 ; 14.562 ;
; b[1]       ; result[2]   ; 13.226 ; 13.226 ; 13.226 ; 13.226 ;
; b[1]       ; result[3]   ; 14.536 ; 14.536 ; 14.536 ; 14.536 ;
; b[1]       ; result[4]   ; 14.147 ; 14.147 ; 14.147 ; 14.147 ;
; b[1]       ; result[5]   ; 13.572 ; 13.572 ; 13.572 ; 13.572 ;
; b[1]       ; result[6]   ; 14.250 ; 14.250 ; 14.250 ; 14.250 ;
; b[1]       ; result[7]   ; 13.959 ; 13.959 ; 13.959 ; 13.959 ;
; b[2]       ; result[0]   ; 10.705 ; 12.934 ; 12.934 ; 10.705 ;
; b[2]       ; result[1]   ; 12.161 ; 13.080 ; 13.080 ; 12.161 ;
; b[2]       ; result[2]   ; 12.825 ; 12.825 ; 12.825 ; 12.825 ;
; b[2]       ; result[3]   ; 13.716 ; 13.716 ; 13.716 ; 13.716 ;
; b[2]       ; result[4]   ; 14.127 ; 14.127 ; 14.127 ; 14.127 ;
; b[2]       ; result[5]   ; 13.211 ; 13.530 ; 13.530 ; 13.211 ;
; b[2]       ; result[6]   ; 13.050 ; 13.684 ; 13.684 ; 13.050 ;
; b[2]       ; result[7]   ; 13.939 ; 13.939 ; 13.939 ; 13.939 ;
; b[3]       ; result[0]   ; 13.350 ; 14.369 ; 14.369 ; 13.350 ;
; b[3]       ; result[1]   ; 14.363 ; 13.543 ; 13.543 ; 14.363 ;
; b[3]       ; result[2]   ; 14.053 ; 13.703 ; 13.703 ; 14.053 ;
; b[3]       ; result[3]   ; 14.354 ; 14.654 ; 14.654 ; 14.354 ;
; b[3]       ; result[4]   ; 14.414 ; 14.414 ; 14.414 ; 14.414 ;
; b[3]       ; result[5]   ; 14.534 ; 14.534 ; 14.534 ; 14.534 ;
; b[3]       ; result[6]   ; 14.254 ; 15.119 ; 15.119 ; 14.254 ;
; b[3]       ; result[7]   ; 14.015 ; 14.249 ; 14.249 ; 14.015 ;
; b[4]       ; result[0]   ; 13.066 ; 14.085 ; 14.085 ; 13.066 ;
; b[4]       ; result[1]   ; 14.079 ; 13.259 ; 13.259 ; 14.079 ;
; b[4]       ; result[2]   ; 13.769 ; 13.419 ; 13.419 ; 13.769 ;
; b[4]       ; result[3]   ; 14.070 ; 14.370 ; 14.370 ; 14.070 ;
; b[4]       ; result[4]   ; 14.130 ; 14.130 ; 14.130 ; 14.130 ;
; b[4]       ; result[5]   ; 14.250 ; 14.250 ; 14.250 ; 14.250 ;
; b[4]       ; result[6]   ; 13.970 ; 14.835 ; 14.835 ; 13.970 ;
; b[4]       ; result[7]   ; 13.230 ; 13.965 ; 13.965 ; 13.230 ;
; b[5]       ; result[0]   ; 13.041 ; 14.060 ; 14.060 ; 13.041 ;
; b[5]       ; result[1]   ; 14.054 ; 13.234 ; 13.234 ; 14.054 ;
; b[5]       ; result[2]   ; 13.744 ; 13.394 ; 13.394 ; 13.744 ;
; b[5]       ; result[3]   ; 14.045 ; 14.345 ; 14.345 ; 14.045 ;
; b[5]       ; result[4]   ; 14.105 ; 14.105 ; 14.105 ; 14.105 ;
; b[5]       ; result[5]   ; 14.225 ; 14.225 ; 14.225 ; 14.225 ;
; b[5]       ; result[6]   ; 13.945 ; 14.810 ; 14.810 ; 13.945 ;
; b[5]       ; result[7]   ; 13.317 ; 13.940 ; 13.940 ; 13.317 ;
; b[6]       ; result[0]   ; 13.072 ; 14.091 ; 14.091 ; 13.072 ;
; b[6]       ; result[1]   ; 14.085 ; 13.265 ; 13.265 ; 14.085 ;
; b[6]       ; result[2]   ; 13.775 ; 13.425 ; 13.425 ; 13.775 ;
; b[6]       ; result[3]   ; 14.076 ; 14.376 ; 14.376 ; 14.076 ;
; b[6]       ; result[4]   ; 14.136 ; 14.136 ; 14.136 ; 14.136 ;
; b[6]       ; result[5]   ; 14.256 ; 14.256 ; 14.256 ; 14.256 ;
; b[6]       ; result[6]   ; 13.976 ; 14.841 ; 14.841 ; 13.976 ;
; b[6]       ; result[7]   ; 13.080 ; 13.971 ; 13.971 ; 13.080 ;
; b[7]       ; result[0]   ; 12.351 ; 12.981 ; 12.981 ; 12.351 ;
; b[7]       ; result[1]   ; 13.364 ; 12.155 ; 12.155 ; 13.364 ;
; b[7]       ; result[2]   ; 13.054 ; 12.631 ; 12.631 ; 13.054 ;
; b[7]       ; result[3]   ; 12.966 ; 13.572 ; 13.572 ; 12.966 ;
; b[7]       ; result[4]   ; 13.415 ; 13.415 ; 13.415 ; 13.415 ;
; b[7]       ; result[5]   ; 13.146 ; 13.512 ; 13.512 ; 13.146 ;
; b[7]       ; result[6]   ; 12.866 ; 13.731 ; 13.731 ; 12.866 ;
; b[7]       ; result[7]   ; 13.276 ; 13.276 ; 13.276 ; 13.276 ;
; s[0]       ; result[0]   ; 8.872  ; 8.872  ; 8.872  ; 8.872  ;
; s[0]       ; result[1]   ; 9.828  ; 9.392  ; 9.392  ; 9.828  ;
; s[0]       ; result[2]   ; 10.932 ; 9.653  ; 9.653  ; 10.932 ;
; s[0]       ; result[3]   ; 10.936 ; 9.622  ; 9.622  ; 10.936 ;
; s[0]       ; result[4]   ; 10.665 ; 10.033 ; 10.033 ; 10.665 ;
; s[0]       ; result[5]   ; 10.283 ; 9.117  ; 9.117  ; 10.283 ;
; s[0]       ; result[6]   ; 9.983  ; 8.956  ; 8.956  ; 9.983  ;
; s[0]       ; result[7]   ; 10.410 ; 10.410 ; 10.410 ; 10.410 ;
; s[1]       ; result[0]   ; 9.636  ; 9.636  ; 9.636  ; 9.636  ;
; s[1]       ; result[1]   ; 10.085 ; 10.085 ; 10.085 ; 10.085 ;
; s[1]       ; result[2]   ; 10.126 ; 10.126 ; 10.126 ; 10.126 ;
; s[1]       ; result[3]   ; 10.702 ; 10.702 ; 10.702 ; 10.702 ;
; s[1]       ; result[4]   ; 11.113 ; 11.113 ; 11.113 ; 11.113 ;
; s[1]       ; result[5]   ; 10.197 ; 10.197 ; 10.197 ; 10.197 ;
; s[1]       ; result[6]   ; 10.036 ; 10.036 ; 10.036 ; 10.036 ;
; s[1]       ; result[7]   ; 10.925 ; 10.925 ; 10.925 ; 10.925 ;
; s[2]       ; result[0]   ; 10.057 ; 10.057 ; 10.057 ; 10.057 ;
; s[2]       ; result[1]   ; 10.759 ; 11.429 ; 11.429 ; 10.759 ;
; s[2]       ; result[2]   ; 11.520 ; 9.758  ; 9.758  ; 11.520 ;
; s[2]       ; result[3]   ; 12.817 ; 11.008 ; 11.008 ; 12.817 ;
; s[2]       ; result[4]   ; 11.080 ; 10.334 ; 10.334 ; 11.080 ;
; s[2]       ; result[5]   ; 11.774 ; 11.774 ; 11.774 ; 11.774 ;
; s[2]       ; result[6]   ; 11.420 ; 11.420 ; 11.420 ; 11.420 ;
; s[2]       ; result[7]   ; 12.976 ; 12.976 ; 12.976 ; 12.976 ;
; s[3]       ; result[0]   ; 10.804 ; 11.511 ; 11.511 ; 10.804 ;
; s[3]       ; result[1]   ; 10.190 ; 10.857 ; 10.857 ; 10.190 ;
; s[3]       ; result[2]   ; 11.026 ; 11.653 ; 11.653 ; 11.026 ;
; s[3]       ; result[3]   ; 10.411 ; 12.950 ; 12.950 ; 10.411 ;
; s[3]       ; result[4]   ; 11.947 ; 12.271 ; 12.271 ; 11.947 ;
; s[3]       ; result[5]   ; 10.419 ; 10.419 ; 10.419 ; 10.419 ;
; s[3]       ; result[6]   ; 10.186 ; 10.186 ; 10.186 ; 10.186 ;
; s[3]       ; result[7]   ; 13.365 ; 13.365 ; 13.365 ; 13.365 ;
+------------+-------------+--------+--------+--------+--------+


+--------------------------------------------------------------+
; Minimum Propagation Delay                                    ;
+------------+-------------+--------+--------+--------+--------+
; Input Port ; Output Port ; RR     ; RF     ; FR     ; FF     ;
+------------+-------------+--------+--------+--------+--------+
; a[0]       ; result[0]   ; 11.210 ; 11.210 ; 11.210 ; 11.210 ;
; a[0]       ; result[1]   ; 12.419 ; 12.419 ; 12.419 ; 12.419 ;
; a[0]       ; result[2]   ; 12.460 ; 12.460 ; 12.460 ; 12.460 ;
; a[0]       ; result[3]   ; 13.036 ; 13.036 ; 13.036 ; 13.036 ;
; a[0]       ; result[4]   ; 12.812 ; 12.812 ; 12.812 ; 12.812 ;
; a[0]       ; result[5]   ; 12.531 ; 12.531 ; 12.531 ; 12.531 ;
; a[0]       ; result[6]   ; 12.370 ; 12.370 ; 12.370 ; 12.370 ;
; a[0]       ; result[7]   ; 13.259 ; 13.259 ; 13.259 ; 13.259 ;
; a[1]       ; result[0]   ; 12.391 ;        ;        ; 12.391 ;
; a[1]       ; result[1]   ; 11.767 ; 11.767 ; 11.767 ; 11.767 ;
; a[1]       ; result[2]   ; 12.442 ; 12.725 ; 12.725 ; 12.442 ;
; a[1]       ; result[3]   ; 13.301 ; 13.301 ; 13.301 ; 13.301 ;
; a[1]       ; result[4]   ; 12.946 ; 12.946 ; 12.946 ; 12.946 ;
; a[1]       ; result[5]   ; 12.796 ; 12.796 ; 12.796 ; 12.796 ;
; a[1]       ; result[6]   ; 12.635 ; 12.635 ; 12.635 ; 12.635 ;
; a[1]       ; result[7]   ; 13.524 ; 13.524 ; 13.524 ; 13.524 ;
; a[2]       ; result[0]   ; 12.064 ;        ;        ; 12.064 ;
; a[2]       ; result[1]   ; 14.564 ;        ;        ; 14.564 ;
; a[2]       ; result[2]   ; 10.755 ; 10.755 ; 10.755 ; 10.755 ;
; a[2]       ; result[3]   ; 13.092 ; 13.092 ; 13.092 ; 13.092 ;
; a[2]       ; result[4]   ; 12.348 ; 13.503 ; 13.503 ; 12.348 ;
; a[2]       ; result[5]   ; 12.587 ; 12.587 ; 12.587 ; 12.587 ;
; a[2]       ; result[6]   ; 12.426 ; 12.426 ; 12.426 ; 12.426 ;
; a[2]       ; result[7]   ; 12.881 ; 13.315 ; 13.315 ; 12.881 ;
; a[3]       ; result[0]   ; 11.882 ;        ;        ; 11.882 ;
; a[3]       ; result[1]   ; 13.759 ;        ;        ; 13.759 ;
; a[3]       ; result[2]   ; 12.659 ;        ;        ; 12.659 ;
; a[3]       ; result[3]   ; 11.123 ; 11.123 ; 11.123 ; 11.123 ;
; a[3]       ; result[4]   ; 12.439 ; 12.439 ; 12.439 ; 12.439 ;
; a[3]       ; result[5]   ; 12.029 ; 12.029 ; 12.029 ; 12.029 ;
; a[3]       ; result[6]   ; 11.868 ; 11.868 ; 11.868 ; 11.868 ;
; a[3]       ; result[7]   ; 12.757 ; 12.757 ; 12.757 ; 12.757 ;
; a[4]       ; result[0]   ; 12.552 ;        ;        ; 12.552 ;
; a[4]       ; result[1]   ; 14.579 ;        ;        ; 14.579 ;
; a[4]       ; result[2]   ; 12.832 ;        ;        ; 12.832 ;
; a[4]       ; result[3]   ; 12.311 ;        ;        ; 12.311 ;
; a[4]       ; result[4]   ; 10.494 ; 10.494 ; 10.494 ; 10.494 ;
; a[4]       ; result[5]   ; 12.003 ; 12.003 ; 12.003 ; 12.003 ;
; a[4]       ; result[6]   ; 11.842 ; 11.842 ; 11.842 ; 11.842 ;
; a[4]       ; result[7]   ; 12.625 ; 12.731 ; 12.731 ; 12.625 ;
; a[5]       ; result[0]   ; 13.060 ;        ;        ; 13.060 ;
; a[5]       ; result[1]   ; 13.109 ;        ;        ; 13.109 ;
; a[5]       ; result[2]   ; 13.207 ;        ;        ; 13.207 ;
; a[5]       ; result[3]   ; 13.014 ;        ;        ; 13.014 ;
; a[5]       ; result[4]   ; 12.980 ;        ;        ; 12.980 ;
; a[5]       ; result[5]   ; 12.056 ; 12.056 ; 12.056 ; 12.056 ;
; a[5]       ; result[6]   ; 12.234 ; 12.234 ; 12.234 ; 12.234 ;
; a[5]       ; result[7]   ; 13.123 ; 13.123 ; 13.123 ; 13.123 ;
; a[6]       ; result[0]   ; 13.465 ;        ;        ; 13.465 ;
; a[6]       ; result[1]   ; 12.774 ;        ;        ; 12.774 ;
; a[6]       ; result[2]   ; 11.674 ;        ;        ; 11.674 ;
; a[6]       ; result[3]   ; 12.403 ;        ;        ; 12.403 ;
; a[6]       ; result[4]   ; 13.385 ;        ;        ; 13.385 ;
; a[6]       ; result[5]   ; 12.420 ;        ;        ; 12.420 ;
; a[6]       ; result[6]   ; 11.578 ; 11.583 ; 11.583 ; 11.578 ;
; a[6]       ; result[7]   ; 12.683 ; 12.787 ; 12.787 ; 12.683 ;
; a[7]       ; result[0]   ; 12.129 ;        ;        ; 12.129 ;
; a[7]       ; result[1]   ; 12.261 ;        ;        ; 12.261 ;
; a[7]       ; result[2]   ; 12.380 ;        ;        ; 12.380 ;
; a[7]       ; result[3]   ; 12.059 ;        ;        ; 12.059 ;
; a[7]       ; result[4]   ; 12.674 ;        ;        ; 12.674 ;
; a[7]       ; result[5]   ; 12.007 ;        ;        ; 12.007 ;
; a[7]       ; result[6]   ; 11.604 ;        ;        ; 11.604 ;
; a[7]       ; result[7]   ; 10.822 ; 10.822 ; 10.822 ; 10.822 ;
; b[0]       ; result[0]   ; 11.023 ; 11.023 ; 11.023 ; 11.023 ;
; b[0]       ; result[1]   ; 12.383 ; 12.131 ; 12.131 ; 12.383 ;
; b[0]       ; result[2]   ; 12.545 ; 12.616 ; 12.616 ; 12.545 ;
; b[0]       ; result[3]   ; 12.816 ; 12.238 ; 12.238 ; 12.816 ;
; b[0]       ; result[4]   ; 12.452 ; 12.452 ; 12.452 ; 12.452 ;
; b[0]       ; result[5]   ; 12.653 ; 11.893 ; 11.893 ; 12.653 ;
; b[0]       ; result[6]   ; 12.144 ; 12.144 ; 12.144 ; 12.144 ;
; b[0]       ; result[7]   ; 12.804 ; 12.804 ; 12.804 ; 12.804 ;
; b[1]       ; result[0]   ; 11.708 ; 11.708 ; 11.708 ; 11.708 ;
; b[1]       ; result[1]   ; 11.616 ; 11.539 ; 11.539 ; 11.616 ;
; b[1]       ; result[2]   ; 12.514 ; 12.267 ; 12.267 ; 12.514 ;
; b[1]       ; result[3]   ; 12.723 ; 12.723 ; 12.723 ; 12.723 ;
; b[1]       ; result[4]   ; 12.582 ; 12.776 ; 12.776 ; 12.582 ;
; b[1]       ; result[5]   ; 12.195 ; 12.195 ; 12.195 ; 12.195 ;
; b[1]       ; result[6]   ; 12.232 ; 12.232 ; 12.232 ; 12.232 ;
; b[1]       ; result[7]   ; 12.066 ; 12.066 ; 12.066 ; 12.066 ;
; b[2]       ; result[0]   ; 10.705 ; 10.705 ; 10.705 ; 10.705 ;
; b[2]       ; result[1]   ; 11.977 ; 12.108 ; 12.108 ; 11.977 ;
; b[2]       ; result[2]   ; 10.504 ; 10.504 ; 10.504 ; 10.504 ;
; b[2]       ; result[3]   ; 12.919 ; 12.288 ; 12.288 ; 12.919 ;
; b[2]       ; result[4]   ; 11.818 ; 11.818 ; 11.818 ; 11.818 ;
; b[2]       ; result[5]   ; 12.857 ; 11.635 ; 11.635 ; 12.857 ;
; b[2]       ; result[6]   ; 12.725 ; 12.725 ; 12.725 ; 12.725 ;
; b[2]       ; result[7]   ; 12.170 ; 12.814 ; 12.814 ; 12.170 ;
; b[3]       ; result[0]   ; 13.350 ; 13.038 ; 13.038 ; 13.350 ;
; b[3]       ; result[1]   ; 14.363 ; 12.985 ; 12.985 ; 14.363 ;
; b[3]       ; result[2]   ; 14.053 ; 12.780 ; 12.780 ; 14.053 ;
; b[3]       ; result[3]   ; 11.939 ; 11.939 ; 11.939 ; 11.939 ;
; b[3]       ; result[4]   ; 14.203 ; 13.667 ; 13.667 ; 14.203 ;
; b[3]       ; result[5]   ; 13.287 ; 13.285 ; 13.285 ; 13.287 ;
; b[3]       ; result[6]   ; 13.126 ; 13.126 ; 13.126 ; 13.126 ;
; b[3]       ; result[7]   ; 14.015 ; 13.449 ; 13.449 ; 14.015 ;
; b[4]       ; result[0]   ; 13.066 ; 12.754 ; 12.754 ; 13.066 ;
; b[4]       ; result[1]   ; 14.079 ; 12.701 ; 12.701 ; 14.079 ;
; b[4]       ; result[2]   ; 13.769 ; 12.496 ; 12.496 ; 13.769 ;
; b[4]       ; result[3]   ; 14.070 ; 13.654 ; 13.654 ; 14.070 ;
; b[4]       ; result[4]   ; 10.494 ; 10.494 ; 10.494 ; 10.494 ;
; b[4]       ; result[5]   ; 12.502 ; 12.502 ; 12.502 ; 12.502 ;
; b[4]       ; result[6]   ; 12.341 ; 12.341 ; 12.341 ; 12.341 ;
; b[4]       ; result[7]   ; 13.230 ; 13.165 ; 13.165 ; 13.230 ;
; b[5]       ; result[0]   ; 13.041 ; 12.729 ; 12.729 ; 13.041 ;
; b[5]       ; result[1]   ; 14.054 ; 12.676 ; 12.676 ; 14.054 ;
; b[5]       ; result[2]   ; 13.744 ; 12.471 ; 12.471 ; 13.744 ;
; b[5]       ; result[3]   ; 14.045 ; 13.629 ; 13.629 ; 14.045 ;
; b[5]       ; result[4]   ; 14.105 ; 13.358 ; 13.358 ; 14.105 ;
; b[5]       ; result[5]   ; 11.237 ; 11.237 ; 11.237 ; 11.237 ;
; b[5]       ; result[6]   ; 12.428 ; 12.428 ; 12.428 ; 12.428 ;
; b[5]       ; result[7]   ; 13.317 ; 13.140 ; 13.140 ; 13.317 ;
; b[6]       ; result[0]   ; 13.072 ; 12.760 ; 12.760 ; 13.072 ;
; b[6]       ; result[1]   ; 14.085 ; 12.707 ; 12.707 ; 14.085 ;
; b[6]       ; result[2]   ; 13.775 ; 12.502 ; 12.502 ; 13.775 ;
; b[6]       ; result[3]   ; 14.076 ; 13.660 ; 13.660 ; 14.076 ;
; b[6]       ; result[4]   ; 14.136 ; 13.389 ; 13.389 ; 14.136 ;
; b[6]       ; result[5]   ; 14.256 ; 13.007 ; 13.007 ; 14.256 ;
; b[6]       ; result[6]   ; 10.840 ; 10.840 ; 10.840 ; 10.840 ;
; b[6]       ; result[7]   ; 13.080 ; 13.080 ; 13.080 ; 13.080 ;
; b[7]       ; result[0]   ; 12.351 ; 12.039 ; 12.039 ; 12.351 ;
; b[7]       ; result[1]   ; 13.364 ; 11.986 ; 11.986 ; 13.364 ;
; b[7]       ; result[2]   ; 13.054 ; 11.781 ; 11.781 ; 13.054 ;
; b[7]       ; result[3]   ; 12.966 ; 12.341 ; 12.341 ; 12.966 ;
; b[7]       ; result[4]   ; 13.415 ; 12.070 ; 12.070 ; 13.415 ;
; b[7]       ; result[5]   ; 13.146 ; 11.688 ; 11.688 ; 13.146 ;
; b[7]       ; result[6]   ; 12.866 ; 12.721 ; 12.721 ; 12.866 ;
; b[7]       ; result[7]   ; 10.605 ; 10.605 ; 10.605 ; 10.605 ;
; s[0]       ; result[0]   ; 7.391  ; 7.391  ; 7.391  ; 7.391  ;
; s[0]       ; result[1]   ; 8.453  ; 7.701  ; 7.701  ; 8.453  ;
; s[0]       ; result[2]   ; 8.279  ; 7.043  ; 7.043  ; 8.279  ;
; s[0]       ; result[3]   ; 8.539  ; 7.971  ; 7.971  ; 8.539  ;
; s[0]       ; result[4]   ; 9.353  ; 7.281  ; 7.281  ; 9.353  ;
; s[0]       ; result[5]   ; 8.010  ; 8.010  ; 8.010  ; 8.010  ;
; s[0]       ; result[6]   ; 7.779  ; 7.779  ; 7.779  ; 7.779  ;
; s[0]       ; result[7]   ; 8.318  ; 7.258  ; 7.258  ; 8.318  ;
; s[1]       ; result[0]   ; 7.530  ; 7.530  ; 7.530  ; 7.530  ;
; s[1]       ; result[1]   ; 8.123  ; 8.123  ; 8.123  ; 8.123  ;
; s[1]       ; result[2]   ; 8.378  ; 7.856  ; 7.856  ; 8.378  ;
; s[1]       ; result[3]   ; 8.475  ; 8.475  ; 8.475  ; 8.475  ;
; s[1]       ; result[4]   ; 8.265  ; 7.773  ; 7.773  ; 8.265  ;
; s[1]       ; result[5]   ; 7.747  ; 7.747  ; 7.747  ; 7.747  ;
; s[1]       ; result[6]   ; 7.542  ; 7.542  ; 7.542  ; 7.542  ;
; s[1]       ; result[7]   ; 8.332  ; 7.764  ; 7.764  ; 8.332  ;
; s[2]       ; result[0]   ; 10.057 ; 10.057 ; 10.057 ; 10.057 ;
; s[2]       ; result[1]   ; 10.759 ; 10.376 ; 10.376 ; 10.759 ;
; s[2]       ; result[2]   ; 11.520 ; 9.758  ; 9.758  ; 11.520 ;
; s[2]       ; result[3]   ; 12.817 ; 10.314 ; 10.314 ; 12.817 ;
; s[2]       ; result[4]   ; 11.080 ; 10.334 ; 10.334 ; 11.080 ;
; s[2]       ; result[5]   ; 11.774 ; 10.298 ; 10.298 ; 11.774 ;
; s[2]       ; result[6]   ; 11.420 ; 10.076 ; 10.076 ; 11.420 ;
; s[2]       ; result[7]   ; 11.071 ; 9.836  ; 9.836  ; 11.071 ;
; s[3]       ; result[0]   ; 10.804 ; 10.412 ; 10.412 ; 10.804 ;
; s[3]       ; result[1]   ; 10.190 ; 10.857 ; 10.857 ; 10.190 ;
; s[3]       ; result[2]   ; 10.718 ; 11.523 ; 11.523 ; 10.718 ;
; s[3]       ; result[3]   ; 10.411 ; 11.296 ; 11.296 ; 10.411 ;
; s[3]       ; result[4]   ; 11.553 ; 11.213 ; 11.213 ; 11.553 ;
; s[3]       ; result[5]   ; 10.419 ; 10.419 ; 10.419 ; 10.419 ;
; s[3]       ; result[6]   ; 10.186 ; 10.186 ; 10.186 ; 10.186 ;
; s[3]       ; result[7]   ; 10.801 ; 10.801 ; 10.801 ; 10.801 ;
+------------+-------------+--------+--------+--------+--------+


----------------------------
; Fast Model Setup Summary ;
----------------------------
No paths to report.


---------------------------
; Fast Model Hold Summary ;
---------------------------
No paths to report.


-------------------------------
; Fast Model Recovery Summary ;
-------------------------------
No paths to report.


------------------------------
; Fast Model Removal Summary ;
------------------------------
No paths to report.


------------------------------------------
; Fast Model Minimum Pulse Width Summary ;
------------------------------------------
No paths to report.


+----------------------------------------------------------+
; Propagation Delay                                        ;
+------------+-------------+-------+-------+-------+-------+
; Input Port ; Output Port ; RR    ; RF    ; FR    ; FF    ;
+------------+-------------+-------+-------+-------+-------+
; a[0]       ; result[0]   ; 6.612 ; 6.363 ; 6.363 ; 6.612 ;
; a[0]       ; result[1]   ; 6.809 ; 6.558 ; 6.558 ; 6.809 ;
; a[0]       ; result[2]   ; 6.625 ; 6.593 ; 6.593 ; 6.625 ;
; a[0]       ; result[3]   ; 7.558 ; 6.860 ; 6.860 ; 7.558 ;
; a[0]       ; result[4]   ; 7.048 ; 7.048 ; 7.048 ; 7.048 ;
; a[0]       ; result[5]   ; 7.436 ; 6.655 ; 6.655 ; 7.436 ;
; a[0]       ; result[6]   ; 7.389 ; 6.585 ; 6.585 ; 7.389 ;
; a[0]       ; result[7]   ; 7.224 ; 6.989 ; 6.989 ; 7.224 ;
; a[1]       ; result[0]   ; 6.571 ;       ;       ; 6.571 ;
; a[1]       ; result[1]   ; 7.408 ; 6.565 ; 6.565 ; 7.408 ;
; a[1]       ; result[2]   ; 6.700 ; 6.700 ; 6.700 ; 6.700 ;
; a[1]       ; result[3]   ; 7.530 ; 6.967 ; 6.967 ; 7.530 ;
; a[1]       ; result[4]   ; 7.268 ; 7.268 ; 7.268 ; 7.268 ;
; a[1]       ; result[5]   ; 7.408 ; 6.762 ; 6.762 ; 7.408 ;
; a[1]       ; result[6]   ; 7.363 ; 6.692 ; 6.692 ; 7.363 ;
; a[1]       ; result[7]   ; 7.196 ; 7.096 ; 7.096 ; 7.196 ;
; a[2]       ; result[0]   ; 6.409 ;       ;       ; 6.409 ;
; a[2]       ; result[1]   ; 7.515 ;       ;       ; 7.515 ;
; a[2]       ; result[2]   ; 6.718 ; 6.487 ; 6.487 ; 6.718 ;
; a[2]       ; result[3]   ; 7.132 ; 6.857 ; 6.857 ; 7.132 ;
; a[2]       ; result[4]   ; 7.045 ; 7.045 ; 7.045 ; 7.045 ;
; a[2]       ; result[5]   ; 7.365 ; 6.652 ; 6.652 ; 7.365 ;
; a[2]       ; result[6]   ; 7.430 ; 6.582 ; 6.582 ; 7.430 ;
; a[2]       ; result[7]   ; 6.986 ; 6.986 ; 6.986 ; 6.986 ;
; a[3]       ; result[0]   ; 6.334 ;       ;       ; 6.334 ;
; a[3]       ; result[1]   ; 7.174 ;       ;       ; 7.174 ;
; a[3]       ; result[2]   ; 6.654 ;       ;       ; 6.654 ;
; a[3]       ; result[3]   ; 7.242 ; 6.499 ; 6.499 ; 7.242 ;
; a[3]       ; result[4]   ; 7.034 ; 7.034 ; 7.034 ; 7.034 ;
; a[3]       ; result[5]   ; 7.354 ; 6.397 ; 6.397 ; 7.354 ;
; a[3]       ; result[6]   ; 6.761 ; 6.327 ; 6.327 ; 6.761 ;
; a[3]       ; result[7]   ; 6.787 ; 6.731 ; 6.731 ; 6.787 ;
; a[4]       ; result[0]   ; 6.639 ;       ;       ; 6.639 ;
; a[4]       ; result[1]   ; 7.542 ;       ;       ; 7.542 ;
; a[4]       ; result[2]   ; 6.745 ;       ;       ; 6.745 ;
; a[4]       ; result[3]   ; 7.182 ;       ;       ; 7.182 ;
; a[4]       ; result[4]   ; 7.036 ; 6.850 ; 6.850 ; 7.036 ;
; a[4]       ; result[5]   ; 7.299 ; 6.394 ; 6.394 ; 7.299 ;
; a[4]       ; result[6]   ; 6.965 ; 6.324 ; 6.324 ; 6.965 ;
; a[4]       ; result[7]   ; 6.728 ; 6.728 ; 6.728 ; 6.728 ;
; a[5]       ; result[0]   ; 6.840 ;       ;       ; 6.840 ;
; a[5]       ; result[1]   ; 6.899 ;       ;       ; 6.899 ;
; a[5]       ; result[2]   ; 6.895 ;       ;       ; 6.895 ;
; a[5]       ; result[3]   ; 7.483 ;       ;       ; 7.483 ;
; a[5]       ; result[4]   ; 7.237 ;       ;       ; 7.237 ;
; a[5]       ; result[5]   ; 7.513 ; 6.442 ; 6.442 ; 7.513 ;
; a[5]       ; result[6]   ; 7.003 ; 6.477 ; 6.477 ; 7.003 ;
; a[5]       ; result[7]   ; 6.915 ; 6.881 ; 6.881 ; 6.915 ;
; a[6]       ; result[0]   ; 7.021 ;       ;       ; 7.021 ;
; a[6]       ; result[1]   ; 6.754 ;       ;       ; 6.754 ;
; a[6]       ; result[2]   ; 6.972 ;       ;       ; 6.972 ;
; a[6]       ; result[3]   ; 7.222 ;       ;       ; 7.222 ;
; a[6]       ; result[4]   ; 7.418 ;       ;       ; 7.418 ;
; a[6]       ; result[5]   ; 6.869 ;       ;       ; 6.869 ;
; a[6]       ; result[6]   ; 7.304 ; 6.373 ; 6.373 ; 7.304 ;
; a[6]       ; result[7]   ; 6.733 ; 6.733 ; 6.733 ; 6.733 ;
; a[7]       ; result[0]   ; 7.047 ;       ;       ; 7.047 ;
; a[7]       ; result[1]   ; 6.832 ;       ;       ; 6.832 ;
; a[7]       ; result[2]   ; 6.998 ;       ;       ; 6.998 ;
; a[7]       ; result[3]   ; 6.820 ;       ;       ; 6.820 ;
; a[7]       ; result[4]   ; 7.444 ;       ;       ; 7.444 ;
; a[7]       ; result[5]   ; 6.754 ;       ;       ; 6.754 ;
; a[7]       ; result[6]   ; 7.330 ;       ;       ; 7.330 ;
; a[7]       ; result[7]   ; 6.881 ; 6.881 ; 6.881 ; 6.881 ;
; b[0]       ; result[0]   ; 7.002 ; 7.002 ; 7.002 ; 7.002 ;
; b[0]       ; result[1]   ; 7.190 ; 7.467 ; 7.467 ; 7.190 ;
; b[0]       ; result[2]   ; 6.953 ; 6.953 ; 6.953 ; 6.953 ;
; b[0]       ; result[3]   ; 7.475 ; 7.475 ; 7.475 ; 7.475 ;
; b[0]       ; result[4]   ; 7.399 ; 7.399 ; 7.399 ; 7.399 ;
; b[0]       ; result[5]   ; 7.493 ; 7.493 ; 7.493 ; 7.493 ;
; b[0]       ; result[6]   ; 7.421 ; 7.591 ; 7.591 ; 7.421 ;
; b[0]       ; result[7]   ; 7.325 ; 7.325 ; 7.325 ; 7.325 ;
; b[1]       ; result[0]   ; 6.685 ; 6.871 ; 6.871 ; 6.685 ;
; b[1]       ; result[1]   ; 7.534 ; 7.534 ; 7.534 ; 7.534 ;
; b[1]       ; result[2]   ; 6.922 ; 6.922 ; 6.922 ; 6.922 ;
; b[1]       ; result[3]   ; 7.510 ; 7.510 ; 7.510 ; 7.510 ;
; b[1]       ; result[4]   ; 7.329 ; 7.329 ; 7.329 ; 7.329 ;
; b[1]       ; result[5]   ; 7.088 ; 7.088 ; 7.088 ; 7.088 ;
; b[1]       ; result[6]   ; 7.380 ; 7.380 ; 7.380 ; 7.380 ;
; b[1]       ; result[7]   ; 7.270 ; 7.270 ; 7.270 ; 7.270 ;
; b[2]       ; result[0]   ; 5.828 ; 6.840 ; 6.840 ; 5.828 ;
; b[2]       ; result[1]   ; 6.504 ; 6.891 ; 6.891 ; 6.504 ;
; b[2]       ; result[2]   ; 6.748 ; 6.748 ; 6.748 ; 6.748 ;
; b[2]       ; result[3]   ; 7.120 ; 7.120 ; 7.120 ; 7.120 ;
; b[2]       ; result[4]   ; 7.308 ; 7.308 ; 7.308 ; 7.308 ;
; b[2]       ; result[5]   ; 6.915 ; 7.071 ; 7.071 ; 6.915 ;
; b[2]       ; result[6]   ; 6.845 ; 7.182 ; 7.182 ; 6.845 ;
; b[2]       ; result[7]   ; 7.249 ; 7.249 ; 7.249 ; 7.249 ;
; b[3]       ; result[0]   ; 7.029 ; 7.513 ; 7.513 ; 7.029 ;
; b[3]       ; result[1]   ; 7.481 ; 7.157 ; 7.157 ; 7.481 ;
; b[3]       ; result[2]   ; 7.327 ; 7.162 ; 7.162 ; 7.327 ;
; b[3]       ; result[3]   ; 7.522 ; 7.646 ; 7.646 ; 7.522 ;
; b[3]       ; result[4]   ; 7.505 ; 7.505 ; 7.505 ; 7.505 ;
; b[3]       ; result[5]   ; 7.550 ; 7.556 ; 7.556 ; 7.550 ;
; b[3]       ; result[6]   ; 7.461 ; 7.855 ; 7.855 ; 7.461 ;
; b[3]       ; result[7]   ; 7.298 ; 7.477 ; 7.477 ; 7.298 ;
; b[4]       ; result[0]   ; 6.880 ; 7.364 ; 7.364 ; 6.880 ;
; b[4]       ; result[1]   ; 7.332 ; 7.008 ; 7.008 ; 7.332 ;
; b[4]       ; result[2]   ; 7.178 ; 7.013 ; 7.013 ; 7.178 ;
; b[4]       ; result[3]   ; 7.373 ; 7.497 ; 7.497 ; 7.373 ;
; b[4]       ; result[4]   ; 7.356 ; 7.356 ; 7.356 ; 7.356 ;
; b[4]       ; result[5]   ; 7.401 ; 7.407 ; 7.407 ; 7.401 ;
; b[4]       ; result[6]   ; 7.312 ; 7.706 ; 7.706 ; 7.312 ;
; b[4]       ; result[7]   ; 6.934 ; 7.328 ; 7.328 ; 6.934 ;
; b[5]       ; result[0]   ; 6.855 ; 7.339 ; 7.339 ; 6.855 ;
; b[5]       ; result[1]   ; 7.307 ; 6.983 ; 6.983 ; 7.307 ;
; b[5]       ; result[2]   ; 7.153 ; 6.988 ; 6.988 ; 7.153 ;
; b[5]       ; result[3]   ; 7.348 ; 7.472 ; 7.472 ; 7.348 ;
; b[5]       ; result[4]   ; 7.331 ; 7.331 ; 7.331 ; 7.331 ;
; b[5]       ; result[5]   ; 7.376 ; 7.382 ; 7.382 ; 7.376 ;
; b[5]       ; result[6]   ; 7.287 ; 7.681 ; 7.681 ; 7.287 ;
; b[5]       ; result[7]   ; 6.949 ; 7.303 ; 7.303 ; 6.949 ;
; b[6]       ; result[0]   ; 6.866 ; 7.350 ; 7.350 ; 6.866 ;
; b[6]       ; result[1]   ; 7.318 ; 6.994 ; 6.994 ; 7.318 ;
; b[6]       ; result[2]   ; 7.164 ; 6.999 ; 6.999 ; 7.164 ;
; b[6]       ; result[3]   ; 7.359 ; 7.483 ; 7.483 ; 7.359 ;
; b[6]       ; result[4]   ; 7.342 ; 7.342 ; 7.342 ; 7.342 ;
; b[6]       ; result[5]   ; 7.387 ; 7.393 ; 7.393 ; 7.387 ;
; b[6]       ; result[6]   ; 7.298 ; 7.692 ; 7.692 ; 7.298 ;
; b[6]       ; result[7]   ; 6.854 ; 7.314 ; 7.314 ; 6.854 ;
; b[7]       ; result[0]   ; 6.548 ; 6.838 ; 6.838 ; 6.548 ;
; b[7]       ; result[1]   ; 7.000 ; 6.482 ; 6.482 ; 7.000 ;
; b[7]       ; result[2]   ; 6.846 ; 6.682 ; 6.682 ; 6.846 ;
; b[7]       ; result[3]   ; 6.847 ; 7.132 ; 7.132 ; 6.847 ;
; b[7]       ; result[4]   ; 7.024 ; 7.024 ; 7.024 ; 7.024 ;
; b[7]       ; result[5]   ; 6.875 ; 7.075 ; 7.075 ; 6.875 ;
; b[7]       ; result[6]   ; 6.786 ; 7.180 ; 7.180 ; 6.786 ;
; b[7]       ; result[7]   ; 6.970 ; 6.970 ; 6.970 ; 6.970 ;
; s[0]       ; result[0]   ; 4.350 ; 4.331 ; 4.331 ; 4.350 ;
; s[0]       ; result[1]   ; 4.855 ; 4.647 ; 4.647 ; 4.855 ;
; s[0]       ; result[2]   ; 5.326 ; 4.724 ; 4.724 ; 5.326 ;
; s[0]       ; result[3]   ; 5.339 ; 4.723 ; 4.723 ; 5.339 ;
; s[0]       ; result[4]   ; 5.227 ; 4.911 ; 4.911 ; 5.227 ;
; s[0]       ; result[5]   ; 5.046 ; 4.518 ; 4.518 ; 5.046 ;
; s[0]       ; result[6]   ; 4.901 ; 4.448 ; 4.448 ; 4.901 ;
; s[0]       ; result[7]   ; 5.086 ; 5.086 ; 5.086 ; 5.086 ;
; s[1]       ; result[0]   ; 4.685 ; 4.685 ; 4.685 ; 4.685 ;
; s[1]       ; result[1]   ; 4.878 ; 4.878 ; 4.878 ; 4.878 ;
; s[1]       ; result[2]   ; 4.913 ; 4.927 ; 4.927 ; 4.913 ;
; s[1]       ; result[3]   ; 5.180 ; 5.180 ; 5.180 ; 5.180 ;
; s[1]       ; result[4]   ; 5.368 ; 5.368 ; 5.368 ; 5.368 ;
; s[1]       ; result[5]   ; 4.975 ; 4.975 ; 4.975 ; 4.975 ;
; s[1]       ; result[6]   ; 4.905 ; 4.905 ; 4.905 ; 4.905 ;
; s[1]       ; result[7]   ; 5.309 ; 5.309 ; 5.309 ; 5.309 ;
; s[2]       ; result[0]   ; 5.560 ; 5.560 ; 5.560 ; 5.560 ;
; s[2]       ; result[1]   ; 5.899 ; 6.184 ; 6.184 ; 5.899 ;
; s[2]       ; result[2]   ; 6.213 ; 5.435 ; 5.435 ; 6.213 ;
; s[2]       ; result[3]   ; 6.780 ; 6.014 ; 6.014 ; 6.780 ;
; s[2]       ; result[4]   ; 6.027 ; 5.720 ; 5.720 ; 6.027 ;
; s[2]       ; result[5]   ; 6.340 ; 6.340 ; 6.340 ; 6.340 ;
; s[2]       ; result[6]   ; 6.174 ; 6.174 ; 6.174 ; 6.174 ;
; s[2]       ; result[7]   ; 6.861 ; 6.861 ; 6.861 ; 6.861 ;
; s[3]       ; result[0]   ; 5.927 ; 6.221 ; 6.221 ; 5.927 ;
; s[3]       ; result[1]   ; 5.658 ; 5.936 ; 5.936 ; 5.658 ;
; s[3]       ; result[2]   ; 6.001 ; 6.291 ; 6.291 ; 6.001 ;
; s[3]       ; result[3]   ; 5.754 ; 6.858 ; 6.858 ; 5.754 ;
; s[3]       ; result[4]   ; 6.450 ; 6.584 ; 6.584 ; 6.450 ;
; s[3]       ; result[5]   ; 5.762 ; 5.762 ; 5.762 ; 5.762 ;
; s[3]       ; result[6]   ; 5.657 ; 5.657 ; 5.657 ; 5.657 ;
; s[3]       ; result[7]   ; 7.058 ; 7.058 ; 7.058 ; 7.058 ;
+------------+-------------+-------+-------+-------+-------+


+----------------------------------------------------------+
; Minimum Propagation Delay                                ;
+------------+-------------+-------+-------+-------+-------+
; Input Port ; Output Port ; RR    ; RF    ; FR    ; FF    ;
+------------+-------------+-------+-------+-------+-------+
; a[0]       ; result[0]   ; 6.082 ; 6.082 ; 6.082 ; 6.082 ;
; a[0]       ; result[1]   ; 6.558 ; 6.558 ; 6.558 ; 6.558 ;
; a[0]       ; result[2]   ; 6.593 ; 6.593 ; 6.593 ; 6.593 ;
; a[0]       ; result[3]   ; 6.860 ; 6.860 ; 6.860 ; 6.860 ;
; a[0]       ; result[4]   ; 6.754 ; 6.754 ; 6.754 ; 6.754 ;
; a[0]       ; result[5]   ; 6.655 ; 6.655 ; 6.655 ; 6.655 ;
; a[0]       ; result[6]   ; 6.585 ; 6.585 ; 6.585 ; 6.585 ;
; a[0]       ; result[7]   ; 6.989 ; 6.989 ; 6.989 ; 6.989 ;
; a[1]       ; result[0]   ; 6.571 ;       ;       ; 6.571 ;
; a[1]       ; result[1]   ; 6.307 ; 6.307 ; 6.307 ; 6.307 ;
; a[1]       ; result[2]   ; 6.599 ; 6.700 ; 6.700 ; 6.599 ;
; a[1]       ; result[3]   ; 6.967 ; 6.967 ; 6.967 ; 6.967 ;
; a[1]       ; result[4]   ; 6.843 ; 6.843 ; 6.843 ; 6.843 ;
; a[1]       ; result[5]   ; 6.762 ; 6.762 ; 6.762 ; 6.762 ;
; a[1]       ; result[6]   ; 6.692 ; 6.692 ; 6.692 ; 6.692 ;
; a[1]       ; result[7]   ; 7.096 ; 7.096 ; 7.096 ; 7.096 ;
; a[2]       ; result[0]   ; 6.409 ;       ;       ; 6.409 ;
; a[2]       ; result[1]   ; 7.515 ;       ;       ; 7.515 ;
; a[2]       ; result[2]   ; 5.859 ; 5.859 ; 5.859 ; 5.859 ;
; a[2]       ; result[3]   ; 6.857 ; 6.857 ; 6.857 ; 6.857 ;
; a[2]       ; result[4]   ; 6.574 ; 7.045 ; 7.045 ; 6.574 ;
; a[2]       ; result[5]   ; 6.652 ; 6.652 ; 6.652 ; 6.652 ;
; a[2]       ; result[6]   ; 6.582 ; 6.582 ; 6.582 ; 6.582 ;
; a[2]       ; result[7]   ; 6.798 ; 6.986 ; 6.986 ; 6.798 ;
; a[3]       ; result[0]   ; 6.334 ;       ;       ; 6.334 ;
; a[3]       ; result[1]   ; 7.174 ;       ;       ; 7.174 ;
; a[3]       ; result[2]   ; 6.654 ;       ;       ; 6.654 ;
; a[3]       ; result[3]   ; 6.035 ; 6.035 ; 6.035 ; 6.035 ;
; a[3]       ; result[4]   ; 6.609 ; 6.609 ; 6.609 ; 6.609 ;
; a[3]       ; result[5]   ; 6.397 ; 6.397 ; 6.397 ; 6.397 ;
; a[3]       ; result[6]   ; 6.327 ; 6.327 ; 6.327 ; 6.327 ;
; a[3]       ; result[7]   ; 6.731 ; 6.731 ; 6.731 ; 6.731 ;
; a[4]       ; result[0]   ; 6.639 ;       ;       ; 6.639 ;
; a[4]       ; result[1]   ; 7.542 ;       ;       ; 7.542 ;
; a[4]       ; result[2]   ; 6.745 ;       ;       ; 6.745 ;
; a[4]       ; result[3]   ; 6.546 ;       ;       ; 6.546 ;
; a[4]       ; result[4]   ; 5.784 ; 5.784 ; 5.784 ; 5.784 ;
; a[4]       ; result[5]   ; 6.394 ; 6.394 ; 6.394 ; 6.394 ;
; a[4]       ; result[6]   ; 6.324 ; 6.324 ; 6.324 ; 6.324 ;
; a[4]       ; result[7]   ; 6.701 ; 6.728 ; 6.728 ; 6.701 ;
; a[5]       ; result[0]   ; 6.840 ;       ;       ; 6.840 ;
; a[5]       ; result[1]   ; 6.899 ;       ;       ; 6.899 ;
; a[5]       ; result[2]   ; 6.895 ;       ;       ; 6.895 ;
; a[5]       ; result[3]   ; 6.847 ;       ;       ; 6.847 ;
; a[5]       ; result[4]   ; 6.837 ;       ;       ; 6.837 ;
; a[5]       ; result[5]   ; 6.439 ; 6.439 ; 6.439 ; 6.439 ;
; a[5]       ; result[6]   ; 6.477 ; 6.477 ; 6.477 ; 6.477 ;
; a[5]       ; result[7]   ; 6.881 ; 6.881 ; 6.881 ; 6.881 ;
; a[6]       ; result[0]   ; 7.021 ;       ;       ; 7.021 ;
; a[6]       ; result[1]   ; 6.754 ;       ;       ; 6.754 ;
; a[6]       ; result[2]   ; 6.249 ;       ;       ; 6.249 ;
; a[6]       ; result[3]   ; 6.586 ;       ;       ; 6.586 ;
; a[6]       ; result[4]   ; 7.018 ;       ;       ; 7.018 ;
; a[6]       ; result[5]   ; 6.602 ;       ;       ; 6.602 ;
; a[6]       ; result[6]   ; 6.218 ; 6.224 ; 6.224 ; 6.218 ;
; a[6]       ; result[7]   ; 6.711 ; 6.733 ; 6.733 ; 6.711 ;
; a[7]       ; result[0]   ; 6.477 ;       ;       ; 6.477 ;
; a[7]       ; result[1]   ; 6.559 ;       ;       ; 6.559 ;
; a[7]       ; result[2]   ; 6.568 ;       ;       ; 6.568 ;
; a[7]       ; result[3]   ; 6.452 ;       ;       ; 6.452 ;
; a[7]       ; result[4]   ; 6.719 ;       ;       ; 6.719 ;
; a[7]       ; result[5]   ; 6.425 ;       ;       ; 6.425 ;
; a[7]       ; result[6]   ; 6.255 ;       ;       ; 6.255 ;
; a[7]       ; result[7]   ; 5.940 ; 5.940 ; 5.940 ; 5.940 ;
; b[0]       ; result[0]   ; 6.000 ; 6.000 ; 6.000 ; 6.000 ;
; b[0]       ; result[1]   ; 6.607 ; 6.511 ; 6.511 ; 6.607 ;
; b[0]       ; result[2]   ; 6.657 ; 6.681 ; 6.681 ; 6.657 ;
; b[0]       ; result[3]   ; 6.803 ; 6.547 ; 6.547 ; 6.803 ;
; b[0]       ; result[4]   ; 6.657 ; 6.657 ; 6.657 ; 6.657 ;
; b[0]       ; result[5]   ; 6.732 ; 6.398 ; 6.398 ; 6.732 ;
; b[0]       ; result[6]   ; 6.482 ; 6.482 ; 6.482 ; 6.482 ;
; b[0]       ; result[7]   ; 6.779 ; 6.779 ; 6.779 ; 6.779 ;
; b[1]       ; result[0]   ; 6.256 ; 6.256 ; 6.256 ; 6.256 ;
; b[1]       ; result[1]   ; 6.237 ; 6.230 ; 6.230 ; 6.237 ;
; b[1]       ; result[2]   ; 6.616 ; 6.518 ; 6.518 ; 6.616 ;
; b[1]       ; result[3]   ; 6.755 ; 6.755 ; 6.755 ; 6.755 ;
; b[1]       ; result[4]   ; 6.682 ; 6.762 ; 6.762 ; 6.682 ;
; b[1]       ; result[5]   ; 6.513 ; 6.513 ; 6.513 ; 6.513 ;
; b[1]       ; result[6]   ; 6.502 ; 6.502 ; 6.502 ; 6.502 ;
; b[1]       ; result[7]   ; 6.448 ; 6.448 ; 6.448 ; 6.448 ;
; b[2]       ; result[0]   ; 5.828 ; 5.828 ; 5.828 ; 5.828 ;
; b[2]       ; result[1]   ; 6.416 ; 6.484 ; 6.484 ; 6.416 ;
; b[2]       ; result[2]   ; 5.757 ; 5.757 ; 5.757 ; 5.757 ;
; b[2]       ; result[3]   ; 6.849 ; 6.563 ; 6.563 ; 6.849 ;
; b[2]       ; result[4]   ; 6.334 ; 6.334 ; 6.334 ; 6.334 ;
; b[2]       ; result[5]   ; 6.781 ; 6.270 ; 6.270 ; 6.781 ;
; b[2]       ; result[6]   ; 6.725 ; 6.725 ; 6.725 ; 6.725 ;
; b[2]       ; result[7]   ; 6.505 ; 6.804 ; 6.804 ; 6.505 ;
; b[3]       ; result[0]   ; 7.029 ; 6.913 ; 6.913 ; 7.029 ;
; b[3]       ; result[1]   ; 7.481 ; 6.901 ; 6.901 ; 7.481 ;
; b[3]       ; result[2]   ; 7.327 ; 6.787 ; 6.787 ; 7.327 ;
; b[3]       ; result[3]   ; 6.434 ; 6.434 ; 6.434 ; 6.434 ;
; b[3]       ; result[4]   ; 7.357 ; 7.211 ; 7.211 ; 7.357 ;
; b[3]       ; result[5]   ; 6.964 ; 6.964 ; 6.964 ; 6.964 ;
; b[3]       ; result[6]   ; 6.894 ; 6.894 ; 6.894 ; 6.894 ;
; b[3]       ; result[7]   ; 7.298 ; 7.088 ; 7.088 ; 7.298 ;
; b[4]       ; result[0]   ; 6.880 ; 6.764 ; 6.764 ; 6.880 ;
; b[4]       ; result[1]   ; 7.332 ; 6.752 ; 6.752 ; 7.332 ;
; b[4]       ; result[2]   ; 7.178 ; 6.638 ; 6.638 ; 7.178 ;
; b[4]       ; result[3]   ; 7.373 ; 7.174 ; 7.174 ; 7.373 ;
; b[4]       ; result[4]   ; 5.773 ; 5.773 ; 5.773 ; 5.773 ;
; b[4]       ; result[5]   ; 6.600 ; 6.600 ; 6.600 ; 6.600 ;
; b[4]       ; result[6]   ; 6.530 ; 6.530 ; 6.530 ; 6.530 ;
; b[4]       ; result[7]   ; 6.934 ; 6.934 ; 6.934 ; 6.934 ;
; b[5]       ; result[0]   ; 6.855 ; 6.739 ; 6.739 ; 6.855 ;
; b[5]       ; result[1]   ; 7.307 ; 6.727 ; 6.727 ; 7.307 ;
; b[5]       ; result[2]   ; 7.153 ; 6.613 ; 6.613 ; 7.153 ;
; b[5]       ; result[3]   ; 7.348 ; 7.149 ; 7.149 ; 7.348 ;
; b[5]       ; result[4]   ; 7.331 ; 7.037 ; 7.037 ; 7.331 ;
; b[5]       ; result[5]   ; 6.077 ; 6.077 ; 6.077 ; 6.077 ;
; b[5]       ; result[6]   ; 6.545 ; 6.545 ; 6.545 ; 6.545 ;
; b[5]       ; result[7]   ; 6.949 ; 6.914 ; 6.914 ; 6.949 ;
; b[6]       ; result[0]   ; 6.866 ; 6.750 ; 6.750 ; 6.866 ;
; b[6]       ; result[1]   ; 7.318 ; 6.738 ; 6.738 ; 7.318 ;
; b[6]       ; result[2]   ; 7.164 ; 6.624 ; 6.624 ; 7.164 ;
; b[6]       ; result[3]   ; 7.359 ; 7.160 ; 7.160 ; 7.359 ;
; b[6]       ; result[4]   ; 7.342 ; 7.048 ; 7.048 ; 7.342 ;
; b[6]       ; result[5]   ; 7.387 ; 6.867 ; 6.867 ; 7.387 ;
; b[6]       ; result[6]   ; 5.914 ; 5.914 ; 5.914 ; 5.914 ;
; b[6]       ; result[7]   ; 6.854 ; 6.854 ; 6.854 ; 6.854 ;
; b[7]       ; result[0]   ; 6.548 ; 6.432 ; 6.432 ; 6.548 ;
; b[7]       ; result[1]   ; 7.000 ; 6.420 ; 6.420 ; 7.000 ;
; b[7]       ; result[2]   ; 6.846 ; 6.306 ; 6.306 ; 6.846 ;
; b[7]       ; result[3]   ; 6.847 ; 6.567 ; 6.567 ; 6.847 ;
; b[7]       ; result[4]   ; 7.024 ; 6.455 ; 6.455 ; 7.024 ;
; b[7]       ; result[5]   ; 6.875 ; 6.274 ; 6.274 ; 6.875 ;
; b[7]       ; result[6]   ; 6.786 ; 6.718 ; 6.718 ; 6.786 ;
; b[7]       ; result[7]   ; 5.834 ; 5.834 ; 5.834 ; 5.834 ;
; s[0]       ; result[0]   ; 3.739 ; 3.739 ; 3.739 ; 3.739 ;
; s[0]       ; result[1]   ; 4.203 ; 3.920 ; 3.920 ; 4.203 ;
; s[0]       ; result[2]   ; 4.120 ; 3.596 ; 3.596 ; 4.120 ;
; s[0]       ; result[3]   ; 4.254 ; 4.014 ; 4.014 ; 4.254 ;
; s[0]       ; result[4]   ; 4.609 ; 3.720 ; 3.720 ; 4.609 ;
; s[0]       ; result[5]   ; 4.019 ; 4.019 ; 4.019 ; 4.019 ;
; s[0]       ; result[6]   ; 3.915 ; 3.915 ; 3.915 ; 3.915 ;
; s[0]       ; result[7]   ; 4.170 ; 3.737 ; 3.737 ; 4.170 ;
; s[1]       ; result[0]   ; 3.810 ; 3.810 ; 3.810 ; 3.810 ;
; s[1]       ; result[1]   ; 4.071 ; 4.071 ; 4.071 ; 4.071 ;
; s[1]       ; result[2]   ; 4.174 ; 3.935 ; 3.935 ; 4.174 ;
; s[1]       ; result[3]   ; 4.230 ; 4.230 ; 4.230 ; 4.230 ;
; s[1]       ; result[4]   ; 4.134 ; 3.961 ; 3.961 ; 4.134 ;
; s[1]       ; result[5]   ; 3.934 ; 3.934 ; 3.934 ; 3.934 ;
; s[1]       ; result[6]   ; 3.847 ; 3.847 ; 3.847 ; 3.847 ;
; s[1]       ; result[7]   ; 4.197 ; 3.986 ; 3.986 ; 4.197 ;
; s[2]       ; result[0]   ; 5.560 ; 5.560 ; 5.560 ; 5.560 ;
; s[2]       ; result[1]   ; 5.899 ; 5.732 ; 5.732 ; 5.899 ;
; s[2]       ; result[2]   ; 6.213 ; 5.435 ; 5.435 ; 6.213 ;
; s[2]       ; result[3]   ; 6.780 ; 5.719 ; 5.719 ; 6.780 ;
; s[2]       ; result[4]   ; 6.027 ; 5.720 ; 5.720 ; 6.027 ;
; s[2]       ; result[5]   ; 6.340 ; 5.706 ; 5.706 ; 6.340 ;
; s[2]       ; result[6]   ; 6.174 ; 5.610 ; 5.610 ; 6.174 ;
; s[2]       ; result[7]   ; 6.052 ; 5.511 ; 5.511 ; 6.052 ;
; s[3]       ; result[0]   ; 5.927 ; 5.763 ; 5.763 ; 5.927 ;
; s[3]       ; result[1]   ; 5.658 ; 5.936 ; 5.936 ; 5.658 ;
; s[3]       ; result[2]   ; 5.884 ; 6.219 ; 6.219 ; 5.884 ;
; s[3]       ; result[3]   ; 5.754 ; 6.143 ; 6.143 ; 5.754 ;
; s[3]       ; result[4]   ; 6.285 ; 6.105 ; 6.105 ; 6.285 ;
; s[3]       ; result[5]   ; 5.762 ; 5.762 ; 5.762 ; 5.762 ;
; s[3]       ; result[6]   ; 5.657 ; 5.657 ; 5.657 ; 5.657 ;
; s[3]       ; result[7]   ; 5.936 ; 5.936 ; 5.936 ; 5.936 ;
+------------+-------------+-------+-------+-------+-------+


+----------------------------------------------------------------------------+
; Multicorner Timing Analysis Summary                                        ;
+------------------+-------+------+----------+---------+---------------------+
; Clock            ; Setup ; Hold ; Recovery ; Removal ; Minimum Pulse Width ;
+------------------+-------+------+----------+---------+---------------------+
; Worst-case Slack ; N/A   ; N/A  ; N/A      ; N/A     ; N/A                 ;
; Design-wide TNS  ; 0.0   ; 0.0  ; 0.0      ; 0.0     ; 0.0                 ;
+------------------+-------+------+----------+---------+---------------------+


+--------------------------------------------------------------+
; Progagation Delay                                            ;
+------------+-------------+--------+--------+--------+--------+
; Input Port ; Output Port ; RR     ; RF     ; FR     ; FF     ;
+------------+-------------+--------+--------+--------+--------+
; a[0]       ; result[0]   ; 12.515 ; 11.971 ; 11.971 ; 12.515 ;
; a[0]       ; result[1]   ; 12.841 ; 12.419 ; 12.419 ; 12.841 ;
; a[0]       ; result[2]   ; 12.543 ; 12.460 ; 12.460 ; 12.543 ;
; a[0]       ; result[3]   ; 14.618 ; 13.036 ; 13.036 ; 14.618 ;
; a[0]       ; result[4]   ; 13.447 ; 13.447 ; 13.447 ; 13.447 ;
; a[0]       ; result[5]   ; 14.355 ; 12.531 ; 12.531 ; 14.355 ;
; a[0]       ; result[6]   ; 14.279 ; 12.370 ; 12.370 ; 14.279 ;
; a[0]       ; result[7]   ; 13.786 ; 13.259 ; 13.259 ; 13.786 ;
; a[1]       ; result[0]   ; 12.391 ;        ;        ; 12.391 ;
; a[1]       ; result[1]   ; 14.263 ; 12.367 ; 12.367 ; 14.263 ;
; a[1]       ; result[2]   ; 12.725 ; 12.725 ; 12.725 ; 12.725 ;
; a[1]       ; result[3]   ; 14.598 ; 13.301 ; 13.301 ; 14.598 ;
; a[1]       ; result[4]   ; 13.936 ; 13.936 ; 13.936 ; 13.936 ;
; a[1]       ; result[5]   ; 14.335 ; 12.796 ; 12.796 ; 14.335 ;
; a[1]       ; result[6]   ; 14.178 ; 12.635 ; 12.635 ; 14.178 ;
; a[1]       ; result[7]   ; 13.766 ; 13.524 ; 13.524 ; 13.766 ;
; a[2]       ; result[0]   ; 12.064 ;        ;        ; 12.064 ;
; a[2]       ; result[1]   ; 14.564 ;        ;        ; 14.564 ;
; a[2]       ; result[2]   ; 12.817 ; 12.200 ; 12.200 ; 12.817 ;
; a[2]       ; result[3]   ; 13.713 ; 13.092 ; 13.092 ; 13.713 ;
; a[2]       ; result[4]   ; 13.503 ; 13.503 ; 13.503 ; 13.503 ;
; a[2]       ; result[5]   ; 14.250 ; 12.587 ; 12.587 ; 14.250 ;
; a[2]       ; result[6]   ; 14.381 ; 12.426 ; 12.426 ; 14.381 ;
; a[2]       ; result[7]   ; 13.315 ; 13.315 ; 13.315 ; 13.315 ;
; a[3]       ; result[0]   ; 11.882 ;        ;        ; 11.882 ;
; a[3]       ; result[1]   ; 13.759 ;        ;        ; 13.759 ;
; a[3]       ; result[2]   ; 12.659 ;        ;        ; 12.659 ;
; a[3]       ; result[3]   ; 13.969 ; 12.222 ; 12.222 ; 13.969 ;
; a[3]       ; result[4]   ; 13.429 ; 13.429 ; 13.429 ; 13.429 ;
; a[3]       ; result[5]   ; 14.226 ; 12.029 ; 12.029 ; 14.226 ;
; a[3]       ; result[6]   ; 12.843 ; 11.868 ; 11.868 ; 12.843 ;
; a[3]       ; result[7]   ; 12.857 ; 12.757 ; 12.757 ; 12.857 ;
; a[4]       ; result[0]   ; 12.552 ;        ;        ; 12.552 ;
; a[4]       ; result[1]   ; 14.579 ;        ;        ; 14.579 ;
; a[4]       ; result[2]   ; 12.832 ;        ;        ; 12.832 ;
; a[4]       ; result[3]   ; 13.814 ;        ;        ; 13.814 ;
; a[4]       ; result[4]   ; 13.416 ; 12.983 ; 12.983 ; 13.416 ;
; a[4]       ; result[5]   ; 14.077 ; 12.003 ; 12.003 ; 14.077 ;
; a[4]       ; result[6]   ; 13.279 ; 11.842 ; 11.842 ; 13.279 ;
; a[4]       ; result[7]   ; 12.731 ; 12.731 ; 12.731 ; 12.731 ;
; a[5]       ; result[0]   ; 13.060 ;        ;        ; 13.060 ;
; a[5]       ; result[1]   ; 13.109 ;        ;        ; 13.109 ;
; a[5]       ; result[2]   ; 13.207 ;        ;        ; 13.207 ;
; a[5]       ; result[3]   ; 14.517 ;        ;        ; 14.517 ;
; a[5]       ; result[4]   ; 13.924 ;        ;        ; 13.924 ;
; a[5]       ; result[5]   ; 14.596 ; 12.080 ; 12.080 ; 14.596 ;
; a[5]       ; result[6]   ; 13.393 ; 12.234 ; 12.234 ; 13.393 ;
; a[5]       ; result[7]   ; 13.144 ; 13.123 ; 13.123 ; 13.144 ;
; a[6]       ; result[0]   ; 13.465 ;        ;        ; 13.465 ;
; a[6]       ; result[1]   ; 12.774 ;        ;        ; 12.774 ;
; a[6]       ; result[2]   ; 13.307 ;        ;        ; 13.307 ;
; a[6]       ; result[3]   ; 13.906 ;        ;        ; 13.906 ;
; a[6]       ; result[4]   ; 14.329 ;        ;        ; 14.329 ;
; a[6]       ; result[5]   ; 13.074 ;        ;        ; 13.074 ;
; a[6]       ; result[6]   ; 14.022 ; 11.888 ; 11.888 ; 14.022 ;
; a[6]       ; result[7]   ; 12.787 ; 12.787 ; 12.787 ; 12.787 ;
; a[7]       ; result[0]   ; 13.515 ;        ;        ; 13.515 ;
; a[7]       ; result[1]   ; 12.902 ;        ;        ; 12.902 ;
; a[7]       ; result[2]   ; 13.357 ;        ;        ; 13.357 ;
; a[7]       ; result[3]   ; 12.863 ;        ;        ; 12.863 ;
; a[7]       ; result[4]   ; 14.379 ;        ;        ; 14.379 ;
; a[7]       ; result[5]   ; 12.796 ;        ;        ; 12.796 ;
; a[7]       ; result[6]   ; 14.072 ;        ;        ; 14.072 ;
; a[7]       ; result[7]   ; 13.022 ; 13.022 ; 13.022 ; 13.022 ;
; b[0]       ; result[0]   ; 13.404 ; 13.404 ; 13.404 ; 13.404 ;
; b[0]       ; result[1]   ; 13.709 ; 14.333 ; 14.333 ; 13.709 ;
; b[0]       ; result[2]   ; 13.246 ; 13.246 ; 13.246 ; 13.246 ;
; b[0]       ; result[3]   ; 14.429 ; 14.429 ; 14.429 ; 14.429 ;
; b[0]       ; result[4]   ; 14.268 ; 14.268 ; 14.268 ; 14.268 ;
; b[0]       ; result[5]   ; 14.493 ; 14.493 ; 14.493 ; 14.493 ;
; b[0]       ; result[6]   ; 14.281 ; 14.645 ; 14.645 ; 14.281 ;
; b[0]       ; result[7]   ; 14.027 ; 14.027 ; 14.027 ; 14.027 ;
; b[1]       ; result[0]   ; 12.662 ; 13.040 ; 13.040 ; 12.662 ;
; b[1]       ; result[1]   ; 14.562 ; 14.562 ; 14.562 ; 14.562 ;
; b[1]       ; result[2]   ; 13.226 ; 13.226 ; 13.226 ; 13.226 ;
; b[1]       ; result[3]   ; 14.536 ; 14.536 ; 14.536 ; 14.536 ;
; b[1]       ; result[4]   ; 14.147 ; 14.147 ; 14.147 ; 14.147 ;
; b[1]       ; result[5]   ; 13.572 ; 13.572 ; 13.572 ; 13.572 ;
; b[1]       ; result[6]   ; 14.250 ; 14.250 ; 14.250 ; 14.250 ;
; b[1]       ; result[7]   ; 13.959 ; 13.959 ; 13.959 ; 13.959 ;
; b[2]       ; result[0]   ; 10.705 ; 12.934 ; 12.934 ; 10.705 ;
; b[2]       ; result[1]   ; 12.161 ; 13.080 ; 13.080 ; 12.161 ;
; b[2]       ; result[2]   ; 12.825 ; 12.825 ; 12.825 ; 12.825 ;
; b[2]       ; result[3]   ; 13.716 ; 13.716 ; 13.716 ; 13.716 ;
; b[2]       ; result[4]   ; 14.127 ; 14.127 ; 14.127 ; 14.127 ;
; b[2]       ; result[5]   ; 13.211 ; 13.530 ; 13.530 ; 13.211 ;
; b[2]       ; result[6]   ; 13.050 ; 13.684 ; 13.684 ; 13.050 ;
; b[2]       ; result[7]   ; 13.939 ; 13.939 ; 13.939 ; 13.939 ;
; b[3]       ; result[0]   ; 13.350 ; 14.369 ; 14.369 ; 13.350 ;
; b[3]       ; result[1]   ; 14.363 ; 13.543 ; 13.543 ; 14.363 ;
; b[3]       ; result[2]   ; 14.053 ; 13.703 ; 13.703 ; 14.053 ;
; b[3]       ; result[3]   ; 14.354 ; 14.654 ; 14.654 ; 14.354 ;
; b[3]       ; result[4]   ; 14.414 ; 14.414 ; 14.414 ; 14.414 ;
; b[3]       ; result[5]   ; 14.534 ; 14.534 ; 14.534 ; 14.534 ;
; b[3]       ; result[6]   ; 14.254 ; 15.119 ; 15.119 ; 14.254 ;
; b[3]       ; result[7]   ; 14.015 ; 14.249 ; 14.249 ; 14.015 ;
; b[4]       ; result[0]   ; 13.066 ; 14.085 ; 14.085 ; 13.066 ;
; b[4]       ; result[1]   ; 14.079 ; 13.259 ; 13.259 ; 14.079 ;
; b[4]       ; result[2]   ; 13.769 ; 13.419 ; 13.419 ; 13.769 ;
; b[4]       ; result[3]   ; 14.070 ; 14.370 ; 14.370 ; 14.070 ;
; b[4]       ; result[4]   ; 14.130 ; 14.130 ; 14.130 ; 14.130 ;
; b[4]       ; result[5]   ; 14.250 ; 14.250 ; 14.250 ; 14.250 ;
; b[4]       ; result[6]   ; 13.970 ; 14.835 ; 14.835 ; 13.970 ;
; b[4]       ; result[7]   ; 13.230 ; 13.965 ; 13.965 ; 13.230 ;
; b[5]       ; result[0]   ; 13.041 ; 14.060 ; 14.060 ; 13.041 ;
; b[5]       ; result[1]   ; 14.054 ; 13.234 ; 13.234 ; 14.054 ;
; b[5]       ; result[2]   ; 13.744 ; 13.394 ; 13.394 ; 13.744 ;
; b[5]       ; result[3]   ; 14.045 ; 14.345 ; 14.345 ; 14.045 ;
; b[5]       ; result[4]   ; 14.105 ; 14.105 ; 14.105 ; 14.105 ;
; b[5]       ; result[5]   ; 14.225 ; 14.225 ; 14.225 ; 14.225 ;
; b[5]       ; result[6]   ; 13.945 ; 14.810 ; 14.810 ; 13.945 ;
; b[5]       ; result[7]   ; 13.317 ; 13.940 ; 13.940 ; 13.317 ;
; b[6]       ; result[0]   ; 13.072 ; 14.091 ; 14.091 ; 13.072 ;
; b[6]       ; result[1]   ; 14.085 ; 13.265 ; 13.265 ; 14.085 ;
; b[6]       ; result[2]   ; 13.775 ; 13.425 ; 13.425 ; 13.775 ;
; b[6]       ; result[3]   ; 14.076 ; 14.376 ; 14.376 ; 14.076 ;
; b[6]       ; result[4]   ; 14.136 ; 14.136 ; 14.136 ; 14.136 ;
; b[6]       ; result[5]   ; 14.256 ; 14.256 ; 14.256 ; 14.256 ;
; b[6]       ; result[6]   ; 13.976 ; 14.841 ; 14.841 ; 13.976 ;
; b[6]       ; result[7]   ; 13.080 ; 13.971 ; 13.971 ; 13.080 ;
; b[7]       ; result[0]   ; 12.351 ; 12.981 ; 12.981 ; 12.351 ;
; b[7]       ; result[1]   ; 13.364 ; 12.155 ; 12.155 ; 13.364 ;
; b[7]       ; result[2]   ; 13.054 ; 12.631 ; 12.631 ; 13.054 ;
; b[7]       ; result[3]   ; 12.966 ; 13.572 ; 13.572 ; 12.966 ;
; b[7]       ; result[4]   ; 13.415 ; 13.415 ; 13.415 ; 13.415 ;
; b[7]       ; result[5]   ; 13.146 ; 13.512 ; 13.512 ; 13.146 ;
; b[7]       ; result[6]   ; 12.866 ; 13.731 ; 13.731 ; 12.866 ;
; b[7]       ; result[7]   ; 13.276 ; 13.276 ; 13.276 ; 13.276 ;
; s[0]       ; result[0]   ; 8.872  ; 8.872  ; 8.872  ; 8.872  ;
; s[0]       ; result[1]   ; 9.828  ; 9.392  ; 9.392  ; 9.828  ;
; s[0]       ; result[2]   ; 10.932 ; 9.653  ; 9.653  ; 10.932 ;
; s[0]       ; result[3]   ; 10.936 ; 9.622  ; 9.622  ; 10.936 ;
; s[0]       ; result[4]   ; 10.665 ; 10.033 ; 10.033 ; 10.665 ;
; s[0]       ; result[5]   ; 10.283 ; 9.117  ; 9.117  ; 10.283 ;
; s[0]       ; result[6]   ; 9.983  ; 8.956  ; 8.956  ; 9.983  ;
; s[0]       ; result[7]   ; 10.410 ; 10.410 ; 10.410 ; 10.410 ;
; s[1]       ; result[0]   ; 9.636  ; 9.636  ; 9.636  ; 9.636  ;
; s[1]       ; result[1]   ; 10.085 ; 10.085 ; 10.085 ; 10.085 ;
; s[1]       ; result[2]   ; 10.126 ; 10.126 ; 10.126 ; 10.126 ;
; s[1]       ; result[3]   ; 10.702 ; 10.702 ; 10.702 ; 10.702 ;
; s[1]       ; result[4]   ; 11.113 ; 11.113 ; 11.113 ; 11.113 ;
; s[1]       ; result[5]   ; 10.197 ; 10.197 ; 10.197 ; 10.197 ;
; s[1]       ; result[6]   ; 10.036 ; 10.036 ; 10.036 ; 10.036 ;
; s[1]       ; result[7]   ; 10.925 ; 10.925 ; 10.925 ; 10.925 ;
; s[2]       ; result[0]   ; 10.057 ; 10.057 ; 10.057 ; 10.057 ;
; s[2]       ; result[1]   ; 10.759 ; 11.429 ; 11.429 ; 10.759 ;
; s[2]       ; result[2]   ; 11.520 ; 9.758  ; 9.758  ; 11.520 ;
; s[2]       ; result[3]   ; 12.817 ; 11.008 ; 11.008 ; 12.817 ;
; s[2]       ; result[4]   ; 11.080 ; 10.334 ; 10.334 ; 11.080 ;
; s[2]       ; result[5]   ; 11.774 ; 11.774 ; 11.774 ; 11.774 ;
; s[2]       ; result[6]   ; 11.420 ; 11.420 ; 11.420 ; 11.420 ;
; s[2]       ; result[7]   ; 12.976 ; 12.976 ; 12.976 ; 12.976 ;
; s[3]       ; result[0]   ; 10.804 ; 11.511 ; 11.511 ; 10.804 ;
; s[3]       ; result[1]   ; 10.190 ; 10.857 ; 10.857 ; 10.190 ;
; s[3]       ; result[2]   ; 11.026 ; 11.653 ; 11.653 ; 11.026 ;
; s[3]       ; result[3]   ; 10.411 ; 12.950 ; 12.950 ; 10.411 ;
; s[3]       ; result[4]   ; 11.947 ; 12.271 ; 12.271 ; 11.947 ;
; s[3]       ; result[5]   ; 10.419 ; 10.419 ; 10.419 ; 10.419 ;
; s[3]       ; result[6]   ; 10.186 ; 10.186 ; 10.186 ; 10.186 ;
; s[3]       ; result[7]   ; 13.365 ; 13.365 ; 13.365 ; 13.365 ;
+------------+-------------+--------+--------+--------+--------+


+----------------------------------------------------------+
; Minimum Progagation Delay                                ;
+------------+-------------+-------+-------+-------+-------+
; Input Port ; Output Port ; RR    ; RF    ; FR    ; FF    ;
+------------+-------------+-------+-------+-------+-------+
; a[0]       ; result[0]   ; 6.082 ; 6.082 ; 6.082 ; 6.082 ;
; a[0]       ; result[1]   ; 6.558 ; 6.558 ; 6.558 ; 6.558 ;
; a[0]       ; result[2]   ; 6.593 ; 6.593 ; 6.593 ; 6.593 ;
; a[0]       ; result[3]   ; 6.860 ; 6.860 ; 6.860 ; 6.860 ;
; a[0]       ; result[4]   ; 6.754 ; 6.754 ; 6.754 ; 6.754 ;
; a[0]       ; result[5]   ; 6.655 ; 6.655 ; 6.655 ; 6.655 ;
; a[0]       ; result[6]   ; 6.585 ; 6.585 ; 6.585 ; 6.585 ;
; a[0]       ; result[7]   ; 6.989 ; 6.989 ; 6.989 ; 6.989 ;
; a[1]       ; result[0]   ; 6.571 ;       ;       ; 6.571 ;
; a[1]       ; result[1]   ; 6.307 ; 6.307 ; 6.307 ; 6.307 ;
; a[1]       ; result[2]   ; 6.599 ; 6.700 ; 6.700 ; 6.599 ;
; a[1]       ; result[3]   ; 6.967 ; 6.967 ; 6.967 ; 6.967 ;
; a[1]       ; result[4]   ; 6.843 ; 6.843 ; 6.843 ; 6.843 ;
; a[1]       ; result[5]   ; 6.762 ; 6.762 ; 6.762 ; 6.762 ;
; a[1]       ; result[6]   ; 6.692 ; 6.692 ; 6.692 ; 6.692 ;
; a[1]       ; result[7]   ; 7.096 ; 7.096 ; 7.096 ; 7.096 ;
; a[2]       ; result[0]   ; 6.409 ;       ;       ; 6.409 ;
; a[2]       ; result[1]   ; 7.515 ;       ;       ; 7.515 ;
; a[2]       ; result[2]   ; 5.859 ; 5.859 ; 5.859 ; 5.859 ;
; a[2]       ; result[3]   ; 6.857 ; 6.857 ; 6.857 ; 6.857 ;
; a[2]       ; result[4]   ; 6.574 ; 7.045 ; 7.045 ; 6.574 ;
; a[2]       ; result[5]   ; 6.652 ; 6.652 ; 6.652 ; 6.652 ;
; a[2]       ; result[6]   ; 6.582 ; 6.582 ; 6.582 ; 6.582 ;
; a[2]       ; result[7]   ; 6.798 ; 6.986 ; 6.986 ; 6.798 ;
; a[3]       ; result[0]   ; 6.334 ;       ;       ; 6.334 ;
; a[3]       ; result[1]   ; 7.174 ;       ;       ; 7.174 ;
; a[3]       ; result[2]   ; 6.654 ;       ;       ; 6.654 ;
; a[3]       ; result[3]   ; 6.035 ; 6.035 ; 6.035 ; 6.035 ;
; a[3]       ; result[4]   ; 6.609 ; 6.609 ; 6.609 ; 6.609 ;
; a[3]       ; result[5]   ; 6.397 ; 6.397 ; 6.397 ; 6.397 ;
; a[3]       ; result[6]   ; 6.327 ; 6.327 ; 6.327 ; 6.327 ;
; a[3]       ; result[7]   ; 6.731 ; 6.731 ; 6.731 ; 6.731 ;
; a[4]       ; result[0]   ; 6.639 ;       ;       ; 6.639 ;
; a[4]       ; result[1]   ; 7.542 ;       ;       ; 7.542 ;
; a[4]       ; result[2]   ; 6.745 ;       ;       ; 6.745 ;
; a[4]       ; result[3]   ; 6.546 ;       ;       ; 6.546 ;
; a[4]       ; result[4]   ; 5.784 ; 5.784 ; 5.784 ; 5.784 ;
; a[4]       ; result[5]   ; 6.394 ; 6.394 ; 6.394 ; 6.394 ;
; a[4]       ; result[6]   ; 6.324 ; 6.324 ; 6.324 ; 6.324 ;
; a[4]       ; result[7]   ; 6.701 ; 6.728 ; 6.728 ; 6.701 ;
; a[5]       ; result[0]   ; 6.840 ;       ;       ; 6.840 ;
; a[5]       ; result[1]   ; 6.899 ;       ;       ; 6.899 ;
; a[5]       ; result[2]   ; 6.895 ;       ;       ; 6.895 ;
; a[5]       ; result[3]   ; 6.847 ;       ;       ; 6.847 ;
; a[5]       ; result[4]   ; 6.837 ;       ;       ; 6.837 ;
; a[5]       ; result[5]   ; 6.439 ; 6.439 ; 6.439 ; 6.439 ;
; a[5]       ; result[6]   ; 6.477 ; 6.477 ; 6.477 ; 6.477 ;
; a[5]       ; result[7]   ; 6.881 ; 6.881 ; 6.881 ; 6.881 ;
; a[6]       ; result[0]   ; 7.021 ;       ;       ; 7.021 ;
; a[6]       ; result[1]   ; 6.754 ;       ;       ; 6.754 ;
; a[6]       ; result[2]   ; 6.249 ;       ;       ; 6.249 ;
; a[6]       ; result[3]   ; 6.586 ;       ;       ; 6.586 ;
; a[6]       ; result[4]   ; 7.018 ;       ;       ; 7.018 ;
; a[6]       ; result[5]   ; 6.602 ;       ;       ; 6.602 ;
; a[6]       ; result[6]   ; 6.218 ; 6.224 ; 6.224 ; 6.218 ;
; a[6]       ; result[7]   ; 6.711 ; 6.733 ; 6.733 ; 6.711 ;
; a[7]       ; result[0]   ; 6.477 ;       ;       ; 6.477 ;
; a[7]       ; result[1]   ; 6.559 ;       ;       ; 6.559 ;
; a[7]       ; result[2]   ; 6.568 ;       ;       ; 6.568 ;
; a[7]       ; result[3]   ; 6.452 ;       ;       ; 6.452 ;
; a[7]       ; result[4]   ; 6.719 ;       ;       ; 6.719 ;
; a[7]       ; result[5]   ; 6.425 ;       ;       ; 6.425 ;
; a[7]       ; result[6]   ; 6.255 ;       ;       ; 6.255 ;
; a[7]       ; result[7]   ; 5.940 ; 5.940 ; 5.940 ; 5.940 ;
; b[0]       ; result[0]   ; 6.000 ; 6.000 ; 6.000 ; 6.000 ;
; b[0]       ; result[1]   ; 6.607 ; 6.511 ; 6.511 ; 6.607 ;
; b[0]       ; result[2]   ; 6.657 ; 6.681 ; 6.681 ; 6.657 ;
; b[0]       ; result[3]   ; 6.803 ; 6.547 ; 6.547 ; 6.803 ;
; b[0]       ; result[4]   ; 6.657 ; 6.657 ; 6.657 ; 6.657 ;
; b[0]       ; result[5]   ; 6.732 ; 6.398 ; 6.398 ; 6.732 ;
; b[0]       ; result[6]   ; 6.482 ; 6.482 ; 6.482 ; 6.482 ;
; b[0]       ; result[7]   ; 6.779 ; 6.779 ; 6.779 ; 6.779 ;
; b[1]       ; result[0]   ; 6.256 ; 6.256 ; 6.256 ; 6.256 ;
; b[1]       ; result[1]   ; 6.237 ; 6.230 ; 6.230 ; 6.237 ;
; b[1]       ; result[2]   ; 6.616 ; 6.518 ; 6.518 ; 6.616 ;
; b[1]       ; result[3]   ; 6.755 ; 6.755 ; 6.755 ; 6.755 ;
; b[1]       ; result[4]   ; 6.682 ; 6.762 ; 6.762 ; 6.682 ;
; b[1]       ; result[5]   ; 6.513 ; 6.513 ; 6.513 ; 6.513 ;
; b[1]       ; result[6]   ; 6.502 ; 6.502 ; 6.502 ; 6.502 ;
; b[1]       ; result[7]   ; 6.448 ; 6.448 ; 6.448 ; 6.448 ;
; b[2]       ; result[0]   ; 5.828 ; 5.828 ; 5.828 ; 5.828 ;
; b[2]       ; result[1]   ; 6.416 ; 6.484 ; 6.484 ; 6.416 ;
; b[2]       ; result[2]   ; 5.757 ; 5.757 ; 5.757 ; 5.757 ;
; b[2]       ; result[3]   ; 6.849 ; 6.563 ; 6.563 ; 6.849 ;
; b[2]       ; result[4]   ; 6.334 ; 6.334 ; 6.334 ; 6.334 ;
; b[2]       ; result[5]   ; 6.781 ; 6.270 ; 6.270 ; 6.781 ;
; b[2]       ; result[6]   ; 6.725 ; 6.725 ; 6.725 ; 6.725 ;
; b[2]       ; result[7]   ; 6.505 ; 6.804 ; 6.804 ; 6.505 ;
; b[3]       ; result[0]   ; 7.029 ; 6.913 ; 6.913 ; 7.029 ;
; b[3]       ; result[1]   ; 7.481 ; 6.901 ; 6.901 ; 7.481 ;
; b[3]       ; result[2]   ; 7.327 ; 6.787 ; 6.787 ; 7.327 ;
; b[3]       ; result[3]   ; 6.434 ; 6.434 ; 6.434 ; 6.434 ;
; b[3]       ; result[4]   ; 7.357 ; 7.211 ; 7.211 ; 7.357 ;
; b[3]       ; result[5]   ; 6.964 ; 6.964 ; 6.964 ; 6.964 ;
; b[3]       ; result[6]   ; 6.894 ; 6.894 ; 6.894 ; 6.894 ;
; b[3]       ; result[7]   ; 7.298 ; 7.088 ; 7.088 ; 7.298 ;
; b[4]       ; result[0]   ; 6.880 ; 6.764 ; 6.764 ; 6.880 ;
; b[4]       ; result[1]   ; 7.332 ; 6.752 ; 6.752 ; 7.332 ;
; b[4]       ; result[2]   ; 7.178 ; 6.638 ; 6.638 ; 7.178 ;
; b[4]       ; result[3]   ; 7.373 ; 7.174 ; 7.174 ; 7.373 ;
; b[4]       ; result[4]   ; 5.773 ; 5.773 ; 5.773 ; 5.773 ;
; b[4]       ; result[5]   ; 6.600 ; 6.600 ; 6.600 ; 6.600 ;
; b[4]       ; result[6]   ; 6.530 ; 6.530 ; 6.530 ; 6.530 ;
; b[4]       ; result[7]   ; 6.934 ; 6.934 ; 6.934 ; 6.934 ;
; b[5]       ; result[0]   ; 6.855 ; 6.739 ; 6.739 ; 6.855 ;
; b[5]       ; result[1]   ; 7.307 ; 6.727 ; 6.727 ; 7.307 ;
; b[5]       ; result[2]   ; 7.153 ; 6.613 ; 6.613 ; 7.153 ;
; b[5]       ; result[3]   ; 7.348 ; 7.149 ; 7.149 ; 7.348 ;
; b[5]       ; result[4]   ; 7.331 ; 7.037 ; 7.037 ; 7.331 ;
; b[5]       ; result[5]   ; 6.077 ; 6.077 ; 6.077 ; 6.077 ;
; b[5]       ; result[6]   ; 6.545 ; 6.545 ; 6.545 ; 6.545 ;
; b[5]       ; result[7]   ; 6.949 ; 6.914 ; 6.914 ; 6.949 ;
; b[6]       ; result[0]   ; 6.866 ; 6.750 ; 6.750 ; 6.866 ;
; b[6]       ; result[1]   ; 7.318 ; 6.738 ; 6.738 ; 7.318 ;
; b[6]       ; result[2]   ; 7.164 ; 6.624 ; 6.624 ; 7.164 ;
; b[6]       ; result[3]   ; 7.359 ; 7.160 ; 7.160 ; 7.359 ;
; b[6]       ; result[4]   ; 7.342 ; 7.048 ; 7.048 ; 7.342 ;
; b[6]       ; result[5]   ; 7.387 ; 6.867 ; 6.867 ; 7.387 ;
; b[6]       ; result[6]   ; 5.914 ; 5.914 ; 5.914 ; 5.914 ;
; b[6]       ; result[7]   ; 6.854 ; 6.854 ; 6.854 ; 6.854 ;
; b[7]       ; result[0]   ; 6.548 ; 6.432 ; 6.432 ; 6.548 ;
; b[7]       ; result[1]   ; 7.000 ; 6.420 ; 6.420 ; 7.000 ;
; b[7]       ; result[2]   ; 6.846 ; 6.306 ; 6.306 ; 6.846 ;
; b[7]       ; result[3]   ; 6.847 ; 6.567 ; 6.567 ; 6.847 ;
; b[7]       ; result[4]   ; 7.024 ; 6.455 ; 6.455 ; 7.024 ;
; b[7]       ; result[5]   ; 6.875 ; 6.274 ; 6.274 ; 6.875 ;
; b[7]       ; result[6]   ; 6.786 ; 6.718 ; 6.718 ; 6.786 ;
; b[7]       ; result[7]   ; 5.834 ; 5.834 ; 5.834 ; 5.834 ;
; s[0]       ; result[0]   ; 3.739 ; 3.739 ; 3.739 ; 3.739 ;
; s[0]       ; result[1]   ; 4.203 ; 3.920 ; 3.920 ; 4.203 ;
; s[0]       ; result[2]   ; 4.120 ; 3.596 ; 3.596 ; 4.120 ;
; s[0]       ; result[3]   ; 4.254 ; 4.014 ; 4.014 ; 4.254 ;
; s[0]       ; result[4]   ; 4.609 ; 3.720 ; 3.720 ; 4.609 ;
; s[0]       ; result[5]   ; 4.019 ; 4.019 ; 4.019 ; 4.019 ;
; s[0]       ; result[6]   ; 3.915 ; 3.915 ; 3.915 ; 3.915 ;
; s[0]       ; result[7]   ; 4.170 ; 3.737 ; 3.737 ; 4.170 ;
; s[1]       ; result[0]   ; 3.810 ; 3.810 ; 3.810 ; 3.810 ;
; s[1]       ; result[1]   ; 4.071 ; 4.071 ; 4.071 ; 4.071 ;
; s[1]       ; result[2]   ; 4.174 ; 3.935 ; 3.935 ; 4.174 ;
; s[1]       ; result[3]   ; 4.230 ; 4.230 ; 4.230 ; 4.230 ;
; s[1]       ; result[4]   ; 4.134 ; 3.961 ; 3.961 ; 4.134 ;
; s[1]       ; result[5]   ; 3.934 ; 3.934 ; 3.934 ; 3.934 ;
; s[1]       ; result[6]   ; 3.847 ; 3.847 ; 3.847 ; 3.847 ;
; s[1]       ; result[7]   ; 4.197 ; 3.986 ; 3.986 ; 4.197 ;
; s[2]       ; result[0]   ; 5.560 ; 5.560 ; 5.560 ; 5.560 ;
; s[2]       ; result[1]   ; 5.899 ; 5.732 ; 5.732 ; 5.899 ;
; s[2]       ; result[2]   ; 6.213 ; 5.435 ; 5.435 ; 6.213 ;
; s[2]       ; result[3]   ; 6.780 ; 5.719 ; 5.719 ; 6.780 ;
; s[2]       ; result[4]   ; 6.027 ; 5.720 ; 5.720 ; 6.027 ;
; s[2]       ; result[5]   ; 6.340 ; 5.706 ; 5.706 ; 6.340 ;
; s[2]       ; result[6]   ; 6.174 ; 5.610 ; 5.610 ; 6.174 ;
; s[2]       ; result[7]   ; 6.052 ; 5.511 ; 5.511 ; 6.052 ;
; s[3]       ; result[0]   ; 5.927 ; 5.763 ; 5.763 ; 5.927 ;
; s[3]       ; result[1]   ; 5.658 ; 5.936 ; 5.936 ; 5.658 ;
; s[3]       ; result[2]   ; 5.884 ; 6.219 ; 6.219 ; 5.884 ;
; s[3]       ; result[3]   ; 5.754 ; 6.143 ; 6.143 ; 5.754 ;
; s[3]       ; result[4]   ; 6.285 ; 6.105 ; 6.105 ; 6.285 ;
; s[3]       ; result[5]   ; 5.762 ; 5.762 ; 5.762 ; 5.762 ;
; s[3]       ; result[6]   ; 5.657 ; 5.657 ; 5.657 ; 5.657 ;
; s[3]       ; result[7]   ; 5.936 ; 5.936 ; 5.936 ; 5.936 ;
+------------+-------------+-------+-------+-------+-------+


-------------------
; Clock Transfers ;
-------------------
Nothing to report.


---------------
; Report TCCS ;
---------------
No dedicated SERDES Transmitter circuitry present in device or used in design


---------------
; Report RSKM ;
---------------
No dedicated SERDES Receiver circuitry present in device or used in design


+------------------------------------------------+
; Unconstrained Paths                            ;
+---------------------------------+-------+------+
; Property                        ; Setup ; Hold ;
+---------------------------------+-------+------+
; Illegal Clocks                  ; 0     ; 0    ;
; Unconstrained Clocks            ; 0     ; 0    ;
; Unconstrained Input Ports       ; 20    ; 20   ;
; Unconstrained Input Port Paths  ; 224   ; 224  ;
; Unconstrained Output Ports      ; 8     ; 8    ;
; Unconstrained Output Port Paths ; 164   ; 164  ;
+---------------------------------+-------+------+


+------------------------------------+
; TimeQuest Timing Analyzer Messages ;
+------------------------------------+
Info: *******************************************************************
Info: Running Quartus II 64-Bit TimeQuest Timing Analyzer
    Info: Version 13.0.0 Build 156 04/24/2013 SJ Web Edition
    Info: Processing started: Wed Oct 16 14:24:04 2019
Info: Command: quartus_sta alu -c alu
Info: qsta_default_script.tcl version: #1
Warning (20028): Parallel compilation is not licensed and has been disabled
Info (21077): Low junction temperature is 0 degrees C
Info (21077): High junction temperature is 85 degrees C
Warning (335093): TimeQuest Timing Analyzer is analyzing 4 combinational loops as latches.
Critical Warning (332012): Synopsys Design Constraints File file not found: 'alu.sdc'. A Synopsys Design Constraints File is required by the TimeQuest Timing Analyzer to get proper timing constraints. Without it, the Compiler will not properly optimize the design.
Info (332142): No user constrained base clocks found in the design. Calling "derive_clocks -period 1.0"
Info (332096): The command derive_clocks did not find any clocks to derive.  No clocks were created or changed.
Warning (332068): No clocks defined in design.
Info: Found TIMEQUEST_REPORT_SCRIPT_INCLUDE_DEFAULT_ANALYSIS = ON
Info (332159): No clocks to report
Info: Analyzing Slow Model
Info (332140): No fmax paths to report
Info (332140): No Setup paths to report
Info (332140): No Hold paths to report
Info (332140): No Recovery paths to report
Info (332140): No Removal paths to report
Info (332140): No Minimum Pulse Width paths to report
Info (332001): The selected device family is not supported by the report_metastability command.
Info: Analyzing Fast Model
Info (332142): No user constrained base clocks found in the design. Calling "derive_clocks -period 1.0"
Info (332096): The command derive_clocks did not find any clocks to derive.  No clocks were created or changed.
Warning (332068): No clocks defined in design.
Info (332140): No Setup paths to report
Info (332140): No Hold paths to report
Info (332140): No Recovery paths to report
Info (332140): No Removal paths to report
Info (332140): No Minimum Pulse Width paths to report
Info (332001): The selected device family is not supported by the report_metastability command.
Info (332102): Design is not fully constrained for setup requirements
Info (332102): Design is not fully constrained for hold requirements
Info: Quartus II 64-Bit TimeQuest Timing Analyzer was successful. 0 errors, 5 warnings
    Info: Peak virtual memory: 4561 megabytes
    Info: Processing ended: Wed Oct 16 14:24:06 2019
    Info: Elapsed time: 00:00:02
    Info: Total CPU time (on all processors): 00:00:01


